
Gurobi 11.0.1 (linux64) logging started Thu Mar 20 13:05:38 2025

Set parameter LogFile to value "gurobi_5_.log"
Gurobi Optimizer version 11.0.1 build v11.0.1rc0 (linux64 - "Red Hat Enterprise Linux 8.10 (Ootpa)")

CPU model: Intel(R) Xeon(R) Gold 6248R CPU @ 3.00GHz, instruction set [SSE2|AVX|AVX2|AVX512]
Thread count: 48 physical cores, 48 logical processors, using up to 32 threads

Optimize a model with 85584 rows, 34869 columns and 422206 nonzeros
Model fingerprint: 0x0ccfe4c4
Model has 16085 quadratic objective terms
Model has 8987 quadratic constraints
Variable types: 12385 continuous, 22484 integer (22484 binary)
Coefficient statistics:
  Matrix range     [1e+00, 2e+06]
  QMatrix range    [1e+00, 1e+00]
  QLMatrix range   [1e+00, 1e+02]
  Objective range  [1e+00, 1e+04]
  QObjective range [3e+01, 4e+02]
  Bounds range     [1e+00, 1e+00]
  RHS range        [1e+00, 2e+06]
Presolve removed 60255 rows and 23000 columns
Presolve time: 1.18s
Presolved: 45047 rows, 32986 columns, 133035 nonzeros
Presolved model has 14078 SOS constraint(s)
Variable types: 16382 continuous, 16604 integer (16603 binary)
Found heuristic solution: objective 11751.947695
Found heuristic solution: objective 10707.043885

Deterministic concurrent LP optimizer: primal and dual simplex (primal and dual model)
Showing primal log only...

Root relaxation presolved: 25438 rows, 17001 columns, 132534 nonzeros


Root simplex log...

Iteration    Objective       Primal Inf.    Dual Inf.      Time
       0   -6.1414702e+05   1.047675e+03   7.071948e+08      7s
    4273   -3.9909344e+04   0.000000e+00   0.000000e+00      8s
    4273   -3.9909344e+04   0.000000e+00   0.000000e+00      8s
Concurrent spin time: 0.02s

Solved with dual simplex

Root relaxation: objective -3.990934e+04, 1244 iterations, 0.57 seconds (0.15 work units)
Total elapsed time = 7.65s (DegenMoves)

    Nodes    |    Current Node    |     Objective Bounds      |     Work
 Expl Unexpl |  Obj  Depth IntInf | Incumbent    BestBd   Gap | It/Node Time

     0     0 -39909.344    0   23 10707.0439 -39909.344   473%     -    8s
     0     0 -39909.344    0   23 10707.0439 -39909.344   473%     -    8s
H    0     0                    10053.192856 -39909.344   497%     -    8s
H    0     0                    8230.1555440 -39909.344   585%     -    8s
     0     0 -39909.344    0   30 8230.15554 -39909.344   585%     -    8s
     0     0 -39909.344    0   41 8230.15554 -39909.344   585%     -    9s
     0     0 -39909.344    0   20 8230.15554 -39909.344   585%     -   10s
     0     0 -39909.344    0   27 8230.15554 -39909.344   585%     -   10s
     0     0 -39909.344    0   23 8230.15554 -39909.344   585%     -   11s
     0     0 -39909.344    0   21 8230.15554 -39909.344   585%     -   12s
     0     0 -39909.344    0   43 8230.15554 -39909.344   585%     -   12s
     0     0 -39909.344    0   22 8230.15554 -39909.344   585%     -   13s
     0     0 -39909.344    0   21 8230.15554 -39909.344   585%     -   14s
     0     0 -39909.344    0   21 8230.15554 -39909.344   585%     -   15s
     0     2 -39909.344    0   21 8230.15554 -39909.344   585%     -   17s
     3     8 -39909.344    2   26 8230.15554 -39909.344   585%  68.3   20s
    31    61 -39909.344    5   26 8230.15554 -39909.344   585%  14.0   31s
H   49    61                    8230.1555403 -39909.344   585%  13.1   31s
H  159   178                    8230.1555393 -39909.344   585%  11.5  114s
   191   209 -39909.344   10   27 8230.15554 -39909.344   585%  13.1  129s
   223   255 -39909.344   11   23 8230.15554 -39909.344   585%  13.2  131s
   318   342 -39909.334   15   31 8230.15554 -39909.344   585%  14.1  136s
   375   381 -39909.334   17   42 8230.15554 -39909.344   585%  13.7  140s
   560   544 -39711.560   21   43 8230.15554 -39909.344   585%  13.4  145s
   761   700 -39513.796   26   47 8230.15554 -39909.344   585%  12.9  151s
   898   783 -39513.796   30   53 8230.15554 -39909.344   585%  12.7  158s
   932   859 -39513.796   31   53 8230.15554 -39909.344   585%  12.7  160s
  1094  1014 -39513.796   35   56 8230.15554 -39909.344   585%  12.7  165s
  1196  1031 -39513.796   37   67 8230.15554 -39909.344   585%  13.0  179s
  1229  1091 -39513.796   38   66 8230.15554 -39909.344   585%  13.0  182s
  1415  1224 -39513.796   46   80 8230.15554 -39909.344   585%  13.7  187s
  1511  1294 -39513.796   48   79 8230.15554 -39909.344   585%  13.6  190s
  1712  1445 -39513.796   52   80 8230.15554 -39909.344   585%  13.9  196s
  1936  1584 -39513.796   56   74 8230.15554 -39909.344   585%  14.6  203s
  2045  1693 -39513.796   58   74 8230.15554 -39909.344   585%  14.6  206s
  2321  1807 -39513.796   63   73 8230.15554 -39909.344   585%  14.4  284s
  2353  1926 -39513.796   64   77 8230.15554 -39909.344   585%  14.4  289s
  2507  2056 -39513.796   67   79 8230.15554 -39909.344   585%  14.3  293s
  2661  2209 -39513.782   72   57 8230.15554 -39909.344   585%  14.4  297s
  2848  2335 -39513.780   78   66 8230.15554 -39909.344   585%  14.2  300s
  2999  2452 -39513.780   82   67 8230.15554 -39909.344   585%  14.3  307s
  3146  2609 -39513.780   86   67 8230.15554 -39909.344   585%  14.0  310s
  3538  2993 -39513.769   93   87 8230.15554 -39909.344   585%  13.7  318s
  3789  3077 -39513.767   98   68 8230.15554 -39909.344   585%  13.5  324s
  3919  3266 -39513.767  100   67 8230.15554 -39909.344   585%  13.3  328s
  4138  3459 -39513.767  106   69 8230.15554 -39909.344   585%  13.2  332s
  4397  3658 -39513.715  113   86 8230.15554 -39909.344   585%  13.1  337s
  4681  3885 -39513.706  125   66 8230.15554 -39909.344   585%  12.8  342s
  4974  4096 -39513.706  133   68 8230.15554 -39909.344   585%  12.5  349s
  5239  4285 -39513.697  140   78 8230.15554 -39909.344   585%  12.4  356s
  5525  4482 -39513.600  147   86 8230.15554 -39909.344   585%  12.5  362s
  5819  4678 -39513.570  154   67 8230.15554 -39909.344   585%  12.3  368s
  6070  4978 -39513.570  162   67 8230.15554 -39909.344   585%  12.2  374s
  6416  5300 -39513.564  173   70 8230.15554 -39909.344   585%  12.1  380s
  6788  5591 -39513.564  182   68 8230.15554 -39909.344   585%  12.0  386s
  7102  5976 -39513.511  194   81 8230.15554 -39909.344   585%  11.9  392s
  7517  6340 -39480.164  202   82 8230.15554 -39909.344   585%  11.9  397s
  7943  6690 -39480.157  225   70 8230.15554 -39909.344   585%  11.9  405s
  8370  7094 -39480.089  248   88 8230.15554 -39909.344   585%  11.9  411s
  8875  7488 -39479.980  278   93 8230.15554 -39909.344   585%  11.7  418s
  9419  8001 -39479.973  303   71 8230.15554 -39909.344   585%  11.6  426s
 10082  8449 -39479.942  324   76 8230.15554 -39909.344   585%  11.5  434s
 10742  8450 -39512.267  184 5233 8230.15554 -39909.344   585%  11.5  467s
 10744  8451 -15405.144   83    6 8230.15554 -39909.344   585%  11.5  470s
 10749  8455 -21759.344   32    9 8230.15554 -39909.344   585%  11.5  477s
 10751  8456 -21403.951  100    6 8230.15554 -39909.344   585%  11.5  480s
 10754  8458 -24609.564  137   25 8230.15554 -39513.796   580%  11.5  485s
 10757  8460 -21206.177  101    9 8230.15554 -39513.782   580%  11.5  491s
 10760  8462 -39397.041  285   33 8230.15554 -39480.482   580%  11.5  495s
 10765  8465 -20790.945  190   67 8230.15554 -39455.891   579%  11.5  500s
 10771  8469 -15144.590  166   18 8230.15554 -39387.162   579%  11.5  506s
 10773  8471 -21363.796   45   16 8230.15554 -39047.608   574%  11.5  510s
 10775  8472 -30438.769   75   20 8230.15554 -38829.468   572%  11.5  515s
 10778  8474 -30438.796   31   46 8230.15554 -38460.072   567%  11.5  521s
 10780  8475 -5406.0863  196   37 8230.15554 -30834.344   475%  11.4  525s
 10786  8479 -21403.951   72   53 8230.15554 -30636.570   472%  11.4  530s
 10789  8481 -15476.267  182   18 8230.15554 -30636.554   472%  11.4  536s
 10792  8483 -26157.782  149   61 8230.15554 -30603.256   472%  11.4  540s
 10795  8485 -30438.767  101   47 8230.15554 -30603.256   472%  11.4  546s
 10798  8489 -21449.594   87 5233 8230.15554 -30603.256   472%  13.5  553s
 10800  8490 -21008.403  188    9 8230.15554 -30603.256   472%  13.5  556s
 10804  8493 -30603.256   34   20 8230.15554 -30603.256   472%  13.5  560s
 10807  8495 -24607.983  137   11 8230.15554 -30603.256   472%  13.5  565s
 10810  8500 -30603.256   27   11 8230.15554 -30603.256   472%  13.9  570s
 10840  8548 -21577.844   31   32 8230.15554 -30603.256   472%  13.9  579s
 10872  8569 -21577.844   32   16 8230.15554 -30603.256   472%  13.8  580s
 11032  8644 -21577.844   35   41 8230.15554 -30603.256   472%  13.8  614s
 11064  8663 -6673.8445   35   19 8230.15554 -30603.256   472%  13.8  637s
 11138  8704 -6673.8445   36   35 8230.15554 -30603.256   472%  13.7  652s
 11229  8766 -21577.844   38   42 8230.15554 -30603.256   472%  13.7  656s
 11350  8830 -21577.844   40   38 8230.15554 -30603.256   472%  13.7  661s
 11575  8933 -21577.844   43   34 8230.15554 -30603.256   472%  13.6  666s
 11730  9025 -21577.844   46   21 8230.15554 -30603.256   472%  13.7  670s
 11821  9019 -21577.844   48   32 8230.15554 -30603.256   472%  13.7  683s
 11854  9084 -6673.8445   48   21 8230.15554 -30603.256   472%  13.7  685s
 12131  9195 -21472.736   55   39 8230.15554 -30603.256   472%  13.7  694s
 12197  9252 -21472.736   56   39 8230.15554 -30603.256   472%  13.8  696s
 12395  9342 -6568.7363   59   20 8230.15554 -30603.256   472%  13.8  701s
 12598  9441 -6568.7363   63   18 8230.15554 -30603.256   472%  13.8  706s
 12710  9435 -21472.736   66   40 8230.15554 -30603.256   472%  13.9  720s
 12882  9596 -21373.202   70   20 8230.15554 -30603.256   472%  13.9  726s
 13249  9798 -6469.2016   76   18 8230.15554 -30603.256   472%  13.8  732s
 13429  9881 -21373.202   80   54 8230.15554 -30603.256   472%  13.8  735s
 13819 10066 -21222.451   86   64 8230.15554 -30603.256   472%  13.7  742s
 14034 10159 -6318.4512   90   24 8230.15554 -30603.256   472%  13.7  745s
 14265 10207 -6318.4512   94   24 8230.15554 -30603.256   472%  13.6  751s
 14677 10475 -21209.974  102   38 8230.15554 -30603.256   472%  13.6  758s
 14921 10636 -21209.974  107   27 8230.15554 -30603.256   472%  13.7  762s
 15209 10803 -6200.8655  111   16 8230.15554 -30603.256   472%  13.7  766s
 15519 10915 -21104.866  116   68 8230.15554 -30603.256   472%  13.8  771s
 15780 11127 -6200.8655  120   38 8230.15554 -30603.256   472%  13.8  775s
 16103 11281 -6200.8655  125   16 8230.15554 -30603.256   472%  13.8  780s
 16535 11453 -4737.0454  176   73 8230.15554 -30603.256   472%  13.9  785s
 17073 11902 -5950.5804  142   25 8230.15554 -30603.256   472%  13.9  795s
 17387 12229 -20854.580  148   54 8230.15554 -30603.256   472%  13.9  800s
 17854 12504 -5938.1029  154   19 8230.15554 -30603.256   472%  13.9  806s
 18343 12798 -20567.356  161   55 8230.15554 -30603.256   472%  14.0  811s
 18812 13081 -20567.356  168   83 8230.15554 -30603.256   472%  14.0  816s
 19262 13465 -20278.633  176   49 8230.15554 -30603.256   472%  14.0  823s
 19853 13747 -5362.1553  184   22 8230.15554 -30603.256   472%  14.0  829s
 20379 14166 -20254.052  190   58 8230.15554 -30603.256   472%  14.0  836s
 21000 14587 -5337.5742  195   31 8230.15554 -30603.256   472%  14.0  845s
 21682 14932 -20254.052  205   84 8230.15554 -30603.256   472%  13.9  853s
 22333 15332 -5050.3493  217   23 8230.15554 -30603.256   472%  13.8  861s
 23070 15801 -30603.256   71   40 8230.15554 -30603.256   472%  13.7  870s
 23829 16289 -30438.792   94   27 8230.15554 -30603.256   472%  13.6  878s
 24628 16875 -5852.5345  137   12 8230.15554 -30603.256   472%  13.5  886s
 25554 17654 -30603.256  102   28 8230.15554 -30603.256   472%  13.5  896s
 26705 18252 -21115.669  126   53 8230.15554 -30603.256   472%  13.4  904s
 27863 18862 -5162.7420  162   34 8230.15554 -30603.256   472%  13.5  913s
 29042 19483 -24576.474  128   41 8230.15554 -30603.256   472%  13.5  922s
 30359 20190 -30603.256  141   50 8230.15554 -30603.256   472%  13.4  929s
 31531 21200 -30603.256  158   45 8230.15554 -30603.256   472%  13.2  936s
 32948 21425 -30603.256  173   46 8230.15554 -30603.256   472%  13.0  943s
 33657 22424 -30603.256  185   58 8230.15554 -30603.256   472%  13.0  952s
 34919 23320 -30603.256  203   80 8230.15554 -30603.256   472%  12.9  961s
 36297 23903 -30603.256  268   53 8230.15554 -30603.256   472%  12.8  970s
 37386 25136 -30603.256  302   97 8230.15554 -30603.256   472%  12.7  980s
 38720 26332 -30603.256  327   73 8230.15554 -30603.256   472%  12.8  989s
 40028 27267 -30603.256  340   61 8230.15554 -30603.256   472%  12.8  998s
 41043 28137 -30603.256  353   62 8230.15554 -30603.256   472%  12.9 1009s
 42131 29322 -29833.274  374   50 8230.15554 -30603.256   472%  12.9 1021s
 43493 30381 -29833.241  411   47 8230.15554 -30603.256   472%  12.9 1032s
 44858 31352 -29833.189  437   41 8230.15554 -30603.256   472%  12.8 1047s
 46036 32693 -22105.716  461   33 8230.15554 -30603.256   472%  12.8 1060s
 47706 34165 -21023.849  528   36 8230.15554 -30603.256   472%  12.7 1073s
 49427 35571 -20506.095  602   44 8230.15554 -30603.256   472%  12.7 1086s
 51078 37033 -20271.693  699   56 8230.15554 -30603.256   472%  12.7 1100s
 52714 38711 infeasible  775      8230.15554 -30603.256   472%  12.8 1114s
 54595 40313 -1649.1596  188   64 8230.15554 -30603.256   472%  12.8 1129s
 56462 42002 -15419.014  143   36 8230.15554 -30603.256   472%  12.8 1144s
 58445 43827 -24493.997  161   36 8230.15554 -30603.256   472%  12.9 1160s
 60521 45680 -15024.509  184   31 8230.15554 -30603.256   472%  12.9 1176s
 62447 47914 -24493.956  202   36 8230.15554 -30603.256   472%  12.9 1192s
 64753 49872 -24493.925  222   36 8230.15554 -30603.256   472%  12.9 1210s
 66936 51674 -14423.195  245   33 8230.15554 -30603.256   472%  12.9 1228s
 69002 53784 -15674.647  274   52 8230.15554 -30603.256   472%  13.0 1246s
 71461 56247 -15674.621  306   20 8230.15554 -30603.256   472%  13.0 1264s
 74118 58510 -15674.573  334   60 8230.15554 -30603.256   472%  13.0 1284s
 76898 61101 -6658.5158  367   31 8230.15554 -30603.256   472%  13.0 1304s
 79914 62305 -6637.9946  390   24 8230.15554 -30603.256   472%  13.1 1324s
 81275 65532 -6855.3431  408   39 8230.15554 -30603.256   472%  13.1 1348s
 85029 68233 -6597.1818  443   35 8230.15554 -30603.256   472%  13.0 1371s
 88297 70186 -6855.3400  476   40 8230.15554 -30603.256   472%  13.0 1392s
 90692 73084 -6855.3384  500   61 8230.15554 -30603.256   472%  13.0 1422s
 94305 74743 -6855.3382  532   70 8230.15554 -30603.256   472%  13.0 1453s
 96436 77051 -6673.9066  550   61 8230.15554 -30603.256   472%  13.0 1482s
 99161 79626 -6855.3367  575   50 8230.15554 -30603.256   472%  13.0 1514s
 102338 83902 -6633.0211  600   60 8230.15554 -30603.256   472%  13.0 1546s
 107510 87551 -6469.2016  636   63 8230.15554 -30603.256   472%  12.9 1572s
 111720 89919 -21296.049  204    7 8230.15554 -30603.256   472%  12.8 1599s
 114416 92385 -21296.046  301   25 8230.15554 -30603.256   472%  12.8 1627s
 117503 96486 -21296.041  434   30 8230.15554 -30603.256   472%  12.8 1657s
 122220 100678 -20459.454  532   37 8230.15554 -30603.256   472%  12.7 1680s
 126790 104690     cutoff  579      8230.15554 -30603.256   472%  12.6 1700s
 131196 108364 -19555.743  333   49 8230.15554 -30603.256   472%  12.6 1719s
 135458 112272 -19555.737  485   43 8230.15554 -30603.256   472%  12.5 1737s
 139556 114624 -12369.651  587   30 8230.15554 -30603.256   472%  12.5 1756s
 142415 118161 3802.45050  695   23 8230.15554 -30603.256   472%  12.5 1773s
 146259 121570 -27908.203  342  114 8230.15554 -30603.256   472%  12.4 1791s
 150034 122431 -19715.364  457   42 8230.15554 -30603.256   472%  12.3 1807s
 151242 125147 -19715.363  493   22 8230.15554 -30603.256   472%  12.3 1827s
 154648 127941 -19715.357  635   52 8230.15554 -30603.256   472%  12.3 1847s
 157919 129776     cutoff  707      8230.15554 -30603.256   472%  12.3 1870s
 160116 133347 -19091.512  407   53 8230.15554 -30603.256   472%  12.3 1891s
 164019 135163 -19091.506  569   45 8230.15554 -30603.256   472%  12.3 1912s
 165994 138646 -19091.504  629   49 8230.15554 -30603.256   472%  12.3 1936s
 169791 141651 -17736.616  749   81 8230.15554 -30603.256   472%  12.2 1957s
 173196 144258 -28232.766  298   60 8230.15554 -30603.256   472%  12.2 1977s
 175925 147247 -4780.4607  338   24 8230.15554 -30603.256   472%  12.2 1999s
 175998 147247 -1419.5328  391   10 8230.15554 -30603.256   472%  12.2 2000s
 179160 150210 -19684.459  375   73 8230.15554 -30603.256   472%  12.2 2021s
 182340 152751 -19426.298  417   57 8230.15554 -30603.256   472%  12.2 2043s
 185329 155021 -19684.456  458   66 8230.15554 -30603.256   472%  12.2 2069s

Gurobi 11.0.1 (linux64) logging started Thu Mar 20 14:48:36 2025

Set parameter LogFile to value "gurobi_5_.log"
Gurobi Optimizer version 11.0.1 build v11.0.1rc0 (linux64 - "Red Hat Enterprise Linux 8.10 (Ootpa)")

CPU model: Intel(R) Xeon(R) Gold 6248R CPU @ 3.00GHz, instruction set [SSE2|AVX|AVX2|AVX512]
Thread count: 48 physical cores, 48 logical processors, using up to 32 threads

Optimize a model with 129024 rows, 48247 columns and 724778 nonzeros
Model fingerprint: 0xa58300c5
Model has 31829 quadratic objective terms
Model has 14907 quadratic constraints
Variable types: 12385 continuous, 35862 integer (35862 binary)
Coefficient statistics:
  Matrix range     [1e+00, 2e+06]
  QMatrix range    [1e+00, 1e+00]
  QLMatrix range   [1e+00, 1e+02]
  Objective range  [1e+00, 1e+04]
  QObjective range [3e+01, 4e+02]
  Bounds range     [1e+00, 1e+00]
  RHS range        [1e+00, 2e+06]
Presolve removed 89291 rows and 31503 columns
Presolve time: 4.89s
Presolved: 73487 rows, 52411 columns, 214464 nonzeros
Presolved model has 23778 SOS constraint(s)
Variable types: 26690 continuous, 25721 integer (25720 binary)
Found heuristic solution: objective 9151.2122999

Deterministic concurrent LP optimizer: primal and dual simplex (primal and dual model)
Showing primal log only...

Root relaxation presolved: 34470 rows, 22458 columns, 205602 nonzeros

Concurrent spin time: 0.09s

Solved with dual simplex

Root relaxation: objective -4.514618e+04, 2243 iterations, 0.73 seconds (0.22 work units)
Total elapsed time = 21.66s (DegenMoves)

    Nodes    |    Current Node    |     Objective Bounds      |     Work
 Expl Unexpl |  Obj  Depth IntInf | Incumbent    BestBd   Gap | It/Node Time

     0     0 -45146.176    0   19 9151.21230 -45146.176   593%     -   22s
     0     0 -45146.176    0   33 9151.21230 -45146.176   593%     -   23s
H    0     0                    2993.3236294 -45146.176  1608%     -   23s
     0     0 -45146.176    0   35 2993.32363 -45146.176  1608%     -   23s
     0     0 -45146.176    0   19 2993.32363 -45146.176  1608%     -   24s
H    0     0                    2993.3236287 -45146.176  1608%     -   24s
     0     0 -45146.176    0   21 2993.32363 -45146.176  1608%     -   25s
     0     0 -45146.176    0   21 2993.32363 -45146.176  1608%     -   27s
     0     0 -45146.176    0   20 2993.32363 -45146.176  1608%     -   28s
     0     0 -45146.176    0   25 2993.32363 -45146.176  1608%     -   30s
     0     0 -45146.176    0   25 2993.32363 -45146.176  1608%     -   30s
     0     2 -45146.176    0   23 2993.32363 -45146.176  1608%     -   34s
     1     4 -45146.176    1   23 2993.32363 -45146.176  1608%   108   35s
    15    32 -45146.176    4   44 2993.32363 -45146.176  1608%  14.0   41s
    31    62 -45146.176    5   42 2993.32363 -45146.176  1608%  12.2   48s
H   32    62                    2993.3236280 -45146.176  1608%  11.8   48s
    63    92 -45146.176    6   34 2993.32363 -45146.176  1608%  10.9   51s
    95   120 -45146.176    7   38 2993.32363 -45146.176  1608%  14.1   71s
   127   146 -45146.176    8   40 2993.32363 -45146.176  1608%  12.8  125s
H  132   146                    2942.6419155 -45146.176  1634%  12.6  126s
   191   200 -45146.176   10   43 2942.64192 -45146.176  1634%  11.1  136s
   223   245 -45146.176   11   45 2942.64192 -45146.176  1634%  11.0  140s
   323   316 -45146.176   15   48 2942.64192 -45146.176  1634%  10.8  147s
   359   346 -45146.176   16   51 2942.64192 -45146.176  1634%  11.6  154s
   391   407 -45146.176   17   48 2942.64192 -45146.176  1634%  11.6  157s
   465   463 -45146.176   20   46 2942.64192 -45146.176  1634%  11.0  160s
   599   558 -45146.167   25   54 2942.64192 -45146.176  1634%  11.4  166s
   725   685 -45146.167   32   47 2942.64192 -45146.176  1634%  11.9  172s
   798   752 -45146.158   35   53 2942.64192 -45146.176  1634%  11.8  175s
   962   914 -45146.158   39   51 2942.64192 -45146.176  1634%  11.6  180s
  1150  1061 -36071.167   43   42 2942.64192 -45146.176  1634%  11.4  187s
  1228  1151 -44978.697   44   51 2942.64192 -45146.176  1634%  11.4  191s
  1333  1234 -44978.697   47   53 2942.64192 -45146.176  1634%  11.6  195s
  1435  1321 -44978.697   53   74 2942.64192 -45146.176  1634%  11.8  200s
  1663  1508 -44978.683   64   58 2942.64192 -45146.176  1634%  12.0  209s
  1778  1606 -44950.488   65   73 2942.64192 -45146.176  1634%  12.2  215s
  1898  1713 -44950.488   67   67 2942.64192 -45146.176  1634%  12.3  220s
  2031  1819 -44950.488   72   71 2942.64192 -45146.176  1634%  12.5  225s
  2166  1936 -44950.486   75   65 2942.64192 -45146.176  1634%  12.6  231s
  2306  2044 -44950.486   78   69 2942.64192 -45146.176  1634%  12.7  236s
  2440  2146 -44950.486   81   83 2942.64192 -45146.176  1634%  12.8  242s
  2570  2254 -44950.486   84   95 2942.64192 -45146.176  1634%  12.9  248s
  2705  2337 -44950.486   87   98 2942.64192 -45146.176  1634%  13.1  254s
  2820  2388 -44950.477   92   95 2942.64192 -45146.176  1634%  13.1  262s
  2889  2528 -44950.477   95   94 2942.64192 -45146.176  1634%  13.1  269s
  3051  2719 -44929.675  100   63 2942.64192 -45146.176  1634%  13.3  276s
  3269  2888 -44929.675  104   66 2942.64192 -45146.176  1634%  13.2  282s
  3480  3127 -44929.675  110   85 2942.64192 -45146.176  1634%  13.1  289s
  3747  3296 -44929.673  125   95 2942.64192 -45146.176  1634%  13.0  296s
  3939  3422 -44734.001  132   80 2942.64192 -45146.176  1634%  12.9  303s
  4102  3616 -44734.001  140   77 2942.64192 -45146.176  1634%  13.0  310s
  4327  3812 -44733.992  148   90 2942.64192 -45146.176  1634%  13.1  316s
  4580  4029 -44733.990  155   77 2942.64192 -45146.176  1634%  13.2  322s
  4837  4200 -44733.946  165  104 2942.64192 -45146.176  1634%  13.2  331s
  5057  4385 -44733.939  169   75 2942.64192 -45146.176  1634%  13.1  354s
  5300  4651 -44733.939  175   91 2942.64192 -45146.176  1634%  13.0  363s
  5622  4835 -44733.915  184  117 2942.64192 -45146.176  1634%  12.8  372s
  5884  5050 -44644.824  191  101 2942.64192 -45146.176  1634%  12.7  380s
  6186  5351 -44644.820  208   91 2942.64192 -45146.176  1634%  12.8  390s
  6573  5655 -44644.815  215   87 2942.64192 -45146.176  1634%  12.8  399s
  6918  6049 -44644.723  221   93 2942.64192 -45146.176  1634%  12.8  408s
  7387  6485 -44644.566  229   86 2942.64192 -45146.176  1634%  12.9  417s
  7906  6982 -44644.347  237   92 2942.64192 -45146.176  1634%  13.1  425s
  8449  7470 -41480.260  242  118 2942.64192 -45146.176  1634%  13.1  432s
  9069  7499 -41123.626  243  121 2942.64192 -45146.176  1634%  12.9  590s
  9102  7982 -33692.841  244   92 2942.64192 -45146.176  1634%  12.9  598s
  9663  8607 -34626.723  264   67 2942.64192 -45146.176  1634%  13.0  607s
 10351  9246 -34626.715  298   63 2942.64192 -45146.176  1634%  13.1  618s
 11069  9895 -34626.711  334   86 2942.64192 -45146.176  1634%  13.0  628s
 11787 10435 -34626.697  372   92 2942.64192 -45146.176  1634%  13.0  639s
 12364 10436 -11648.387   69 7247 2942.64192 -45146.176  1634%  13.1  705s
 12366 10437 -25460.757  198    6 2942.64192 -45146.176  1634%  13.1  712s
 12367 10438 -11648.387   69   37 2942.64192 -45146.176  1634%  13.1  715s
 12371 10441 -29754.211  174    9 2942.64192 -45146.176  1634%  13.0  720s
 12374 10443 -11918.890   51   22 2942.64192 -44811.236  1623%  13.0  725s
 12377 10445 -24811.901  258    9 2942.64192 -44783.023  1622%  13.0  734s
 12378 10445 -34498.435  374   16 2942.64192 -44783.023  1622%  13.0  736s
 12379 10446 -35624.652  132   12 2942.64192 -44734.001  1620%  13.0  741s
 12383 10449 -30060.546   51   14 2942.64192 -44609.205  1616%  13.0  747s
 12385 10450 -25209.490  240   49 2942.64192 -44609.195  1616%  13.0  750s
 12389 10453 -35489.375   90   13 2942.64192 -44505.206  1612%  13.0  758s
 12390 10453 -9247.6811  326   16 2942.64192 -44505.199  1612%  13.0  760s
 12393 10455 -35391.142  314   25 2942.64192 -44468.894  1611%  13.0  765s
 12394 10456 -26733.887   81   20 2942.64192 -44275.148  1605%  13.0  770s
 12398 10459 -9096.9307  345   24 2942.64192 -44045.081  1597%  13.0  776s
 12401 10462 -35018.748  226 7232 2942.64192 -44045.081  1597%  14.3  795s
 12403 10463 -26779.686   71    8 2942.64192 -44045.081  1597%  14.3  811s
 12406 10465 -35395.966  363   12 2942.64192 -44045.081  1597%  14.3  817s
 12408 10467 -30046.431  100    9 2942.64192 -44045.081  1597%  14.3  822s
 12409 10467 -35385.922  285    9 2942.64192 -44045.081  1597%  14.3  825s
 12411 10472 -36071.176   22    9 2942.64192 -44045.081  1597%  14.6  831s
 12417 10482 -26814.676   24    2 2942.64192 -44045.081  1597%  14.6  836s
 12425 10495 -26814.676   25   27 2942.64192 -44045.081  1597%  14.6  840s
 12441 10518 -26814.676   26   22 2942.64192 -44045.081  1597%  14.6  848s
 12473 10538 -26814.676   27    8 2942.64192 -44045.081  1597%  14.6  850s
 12505 10555 -26814.676   28   13 2942.64192 -44045.081  1597%  14.6  908s
 12537 10569 -11910.676   28    5 2942.64192 -44045.081  1597%  14.6  924s
 12569 10585 -26814.676   29   13 2942.64192 -44045.081  1597%  14.6  995s
 12659 10630 -26814.676   30    2 2942.64192 -44045.081  1597%  14.6 1021s
 12697 10667 -11910.676   31    1 2942.64192 -44045.081  1597%  14.6 1026s
 12761 10700 -26814.676   32   22 2942.64192 -44045.081  1597%  14.6 1030s
 12907 10762 -26814.676   35   26 2942.64192 -44045.081  1597%  14.6 1050s
 12971 10799 -26814.676   36   22 2942.64192 -44045.081  1597%  14.5 1055s
 13133 10885 -11910.676   38    9 2942.64192 -44045.081  1597%  14.5 1062s
 13325 10976 -11821.674   42    9 2942.64192 -44045.081  1597%  14.5 1067s
 13426 11030 -26814.595   44   23 2942.64192 -44045.081  1597%  14.5 1072s
 13536 11068 -11821.674   45    9 2942.64192 -44045.081  1597%  14.5 1077s
 13638 11132 -11821.674   47    9 2942.64192 -44045.081  1597%  14.5 1081s
 13760 11185 -26814.595   49   24 2942.64192 -44045.081  1597%  14.5 1086s
 13884 11245 -26814.595   52   25 2942.64192 -44045.081  1597%  14.6 1091s
 14011 11304 -11821.674   53    9 2942.64192 -44045.081  1597%  14.6 1096s
 14139 11373 -11821.674   55    9 2942.64192 -44045.081  1597%  14.6 1102s
 14279 11445 -26814.517   58   23 2942.64192 -44045.081  1597%  14.6 1106s
 14424 11534 -26814.517   60   25 2942.64192 -44045.081  1597%  14.6 1112s
 14584 11619 -11737.390   63    9 2942.64192 -44045.081  1597%  14.6 1116s
 14949 11783 -11737.390   68    9 2942.64192 -44045.081  1597%  14.7 1133s
 15123 11905 -26814.400   72   27 2942.64192 -44045.081  1597%  14.7 1139s
 15343 12019 -11609.739   77    9 2942.64192 -44045.081  1597%  14.7 1146s
 15570 12131 -11609.739   82   20 2942.64192 -44045.081  1597%  14.8 1154s
 15797 12226 -11599.173   84   12 2942.64192 -44045.081  1597%  14.8 1161s
 16010 12260 -11599.173   88    9 2942.64192 -44045.081  1597%  14.9 1174s
 16137 12445 -26814.390   90   24 2942.64192 -44045.081  1597%  14.9 1182s
 16406 12677 -26814.390   96   24 2942.64192 -44045.081  1597%  15.0 1189s
 16413 12675 -26814.400   84   22 2942.64192 -44045.081  1597%  15.0 1190s
 16778 12583 -26387.006   99   23 2942.64192 -44045.081  1597%  15.0 1395s
 16810 12799 -26814.246  100   28 2942.64192 -44045.081  1597%  15.0 1403s
 17091 12925 -26814.215  102   29 2942.64192 -44045.081  1597%  15.1 1410s
 17357 13088 -11355.958  105    9 2942.64192 -44045.081  1597%  15.2 1421s
 17682 13288 -11355.958  112    9 2942.64192 -44045.081  1597%  15.2 1428s
 18073 13494 -26813.942  117   25 2942.64192 -44045.081  1597%  15.3 1436s
 18522 13638 -11111.475  125    9 2942.64192 -44045.081  1597%  15.3 1448s
 18908 13850 -26813.923  132   24 2942.64192 -44045.081  1597%  15.3 1459s
 19296 14046 -11090.661  139    9 2942.64192 -44045.081  1597%  15.3 1471s
 19671 14402 -11069.909  143    9 2942.64192 -44045.081  1597%  15.3 1480s
 20218 14991 -26813.620  147   37 2942.64192 -44045.081  1597%  15.3 1486s
 21028 15173 -26813.558  155   24 2942.64192 -44045.081  1597%  15.2 1499s
 21511 15717 -10693.072  162    9 2942.64192 -44045.081  1597%  15.2 1508s
 22301 16171 -26813.462  170   37 2942.64192 -44045.081  1597%  15.1 1519s
 23058 16679 -26813.462  176   26 2942.64192 -44045.081  1597%  15.0 1529s
 23861 17003 -25994.661  185   28 2942.64192 -44045.081  1597%  15.0 1542s
 24469 17394 -10587.963  190   47 2942.64192 -44045.081  1597%  15.0 1549s
 25111 17859 -25905.658  200   41 2942.64192 -44045.081  1597%  15.0 1556s
 25852 18285 -24650.273  212   20 2942.64192 -44045.081  1597%  15.0 1564s
 26565 18740 -24550.738  228   20 2942.64192 -44045.081  1597%  15.0 1572s
 27289 19393 -24399.988  244   20 2942.64192 -44045.081  1597%  14.9 1581s
 28239 19924 -24387.510  260   20 2942.64192 -44045.081  1597%  14.9 1589s
 29193 20354 -24100.285  277   20 2942.64192 -44045.081  1597%  14.8 1599s
 30039 20782 -8907.5624  290   18 2942.64192 -44045.081  1597%  14.7 1610s
 30897 20939 -8882.9812  305   18 2942.64192 -44045.081  1597%  14.6 1628s
 31444 21445 infeasible  315      2942.64192 -44045.081  1597%  14.6 1639s
 32318 22105 -5167.2768   71   33 2942.64192 -44045.081  1597%  14.5 1651s
 33395 22673 -30074.702   74   27 2942.64192 -44045.081  1597%  14.5 1662s
 34457 23534 -30074.552  149   61 2942.64192 -44045.081  1597%  14.4 1672s
 35795 24304 -29878.795  243   47 2942.64192 -44045.081  1597%  14.3 1685s
 37117 25203 -20950.685  326   57 2942.64192 -44045.081  1597%  14.2 1696s
 38587 25878 -20950.489  400   51 2942.64192 -44045.081  1597%  14.1 1709s
 39900 26597 -20950.423  494   49 2942.64192 -44045.081  1597%  14.0 1722s
 41265 26868 -12003.173  559   54 2942.64192 -44045.081  1597%  13.9 1738s
 42160 27962 infeasible  571      2942.64192 -44045.081  1597%  13.9 1751s
 43767 28999 -20999.706   63   35 2942.64192 -44045.081  1597%  13.9 1765s
 45640 30305 -10142.402  152    9 2942.64192 -44045.081  1597%  13.9 1780s
 47232 31963 -11757.236   68   34 2942.64192 -44045.081  1597%  13.9 1794s
 49193 32590 -9974.9322  172   21 2942.64192 -44045.081  1597%  14.1 1808s
 50027 34511 -9374.4034  202   21 2942.64192 -44045.081  1597%  14.1 1826s
 52216 35236 -30074.699   88   54 2942.64192 -44045.081  1597%  14.1 1844s
 53174 36300 -30074.652  106   62 2942.64192 -44045.081  1597%  14.1 1860s
 54480 37518 -15170.626  127   77 2942.64192 -44045.081  1597%  14.1 1880s
 55987 39731 -30074.503  153   70 2942.64192 -44045.081  1597%  14.1 1901s
 58624 39760 -19372.912  176   84 2942.64192 -44045.081  1597%  14.1 2012s
 58659 41187 -29878.824  177   93 2942.64192 -44045.081  1597%  14.1 2035s
 60464 42577 -19339.598  197   75 2942.64192 -44045.081  1597%  14.2 2056s
 62296 44325 -19315.021  219   78 2942.64192 -44045.081  1597%  14.1 2077s
 64484 46796 -19192.213  238   78 2942.64192 -44045.081  1597%  14.0 2103s
 67248 49332 -29878.759  262   96 2942.64192 -44045.081  1597%  13.8 2123s
 70137 50839 -18688.598  286   78 2942.64192 -44045.081  1597%  13.7 2148s
 72001 52759 -29878.726  295   91 2942.64192 -44045.081  1597%  13.7 2167s
 74378 54647 -29878.674  313   62 2942.64192 -44045.081  1597%  13.6 2184s
 76820 56518 -29877.743  337   57 2942.64192 -44045.081  1597%  13.6 2205s
 79241 58361 -29788.706  365   66 2942.64192 -44045.081  1597%  13.6 2233s
 81653 60217 -29788.678  391   77 2942.64192 -44045.081  1597%  13.6 2259s
 84342 61867 -14662.207  417   68 2942.64192 -44045.081  1597%  13.6 2290s
 87045 64380 -19849.713  441   52 2942.64192 -44045.081  1597%  13.6 2321s
 90543 67790 -19508.626  469   52 2942.64192 -44045.081  1597%  13.6 2355s
 94722 69610 -29788.559  493   64 2942.64192 -44045.081  1597%  13.6 2386s
 97788 71115 -29788.551  523   63 2942.64192 -44045.081  1597%  13.6 2416s
 100678 73100 -13756.106  553   73 2942.64192 -44045.081  1597%  13.7 2454s
 103669 76523 -13650.998  577   77 2942.64192 -44045.081  1597%  13.7 2483s
 108095 79167 -13551.463  607   62 2942.64192 -44045.081  1597%  13.8 2510s
 111698 81948 -29704.225  626   86 2942.64192 -44045.081  1597%  13.9 2537s
 115351 85184 -18774.172  648   71 2942.64192 -44045.081  1597%  13.9 2562s
 119277 86023 -29704.209  675   68 2942.64192 -44045.081  1597%  13.9 2591s
 120569 88055 -18542.255  685   70 2942.64192 -44045.081  1597%  13.9 2629s
 123481 91435 -29574.068  713   67 2942.64192 -44045.081  1597%  13.8 2662s
 128094 94749 -11918.889  739   70 2942.64192 -44045.081  1597%  13.8 2691s
 132328 97819 -11918.888  766   59 2942.64192 -44045.081  1597%  13.8 2719s
 136298 99174 -11654.429  789   47 2942.64192 -44045.081  1597%  13.8 2750s
 137926 101309 -11918.886  805   77 2942.64192 -44045.081  1597%  13.8 2784s
 140338 105225 -11594.937  829   68 2942.64192 -44045.081  1597%  13.7 2821s
 144566 106929 -11918.884  851   86 2942.64192 -44045.081  1597%  13.7 2850s
 146558 109891 -11750.920  861   99 2942.64192 -44045.081  1597%  13.7 2885s
 150200 112153 -11745.839  878   86 2942.64192 -44045.081  1597%  13.8 2916s
 152953 114286 -11918.884  891   93 2942.64192 -44045.081  1597%  13.8 2949s
 155482 117855 -11737.452  905   88 2942.64192 -44045.081  1597%  13.7 2983s
 159385 120279 -11704.004  926   92 2942.64192 -44045.081  1597%  13.6 3009s
 162120 123128 -11696.567  941   76 2942.64192 -44045.081  1597%  13.6 3042s
 165368 125713 -11918.839  963   90 2942.64192 -44045.081  1597%  13.6 3075s
 168188 128867     cutoff  988      2942.64192 -44045.081  1597%  13.6 3104s
 172135 131178 infeasible 1012      2942.64192 -44045.081  1597%  13.6 3132s
 175888 133712 -29985.624  125   58 2942.64192 -44045.081  1597%  13.5 3160s
 179729 135423 -28752.289  250   47 2942.64192 -44045.081  1597%  13.4 3191s
 182800 137607 -28752.192  329   50 2942.64192 -44045.081  1597%  13.4 3227s
 186189 142233 -28752.106  379   41 2942.64192 -44045.081  1597%  13.4 3267s
 191322 145962 -21077.880  563   26 2942.64192 -44045.081  1597%  13.3 3297s
 195723 149039 -12003.174  624   16 2942.64192 -44045.081  1597%  13.2 3327s
 199687 152555     cutoff  643      2942.64192 -44045.081  1597%  13.2 3353s
 203848 154767 -10587.963  664    6 2942.64192 -44045.081  1597%  13.1 3382s
 206511 157127 -10488.429  696   14 2942.64192 -44045.081  1597%  13.1 3411s
 209341 158808 -10188.014  702    5 2942.64192 -44045.081  1597%  13.1 3445s
 211360 162144 -35584.159  131   48 2942.64192 -44045.081  1597%  13.1 3479s
 215203 164321 -35584.132  153   63 2942.64192 -44045.081  1597%  13.1 3510s
 218218 166082 -35583.927  383   53 2942.64192 -44045.081  1597%  13.1 3539s
 221173 168470 -25025.164  614   30 2942.64192 -44045.081  1597%  13.1 3574s
 224456 168487     cutoff  800      2942.64192 -44045.081  1597%  13.1 3694s
 224503 170565 -44045.081  136   63 2942.64192 -44045.081  1597%  13.1 3735s
 227335 173627 -35238.561  228   33 2942.64192 -44045.081  1597%  13.0 3774s
 231229 177065 -35238.347  449   37 2942.64192 -44045.081  1597%  13.0 3819s
 235072 181664 -33632.473  551   67 2942.64192 -44045.081  1597%  13.0 3856s
 240338 185673 -22865.673  555   14 2942.64192 -44045.081  1597%  12.9 3888s
 244962 188314 -22297.240  581   15 2942.64192 -44045.081  1597%  12.9 3914s
 248244 191619 -22092.597  613   19 2942.64192 -44045.081  1597%  12.9 3944s
 252417 193925 -20894.775  627   16 2942.64192 -44045.081  1597%  12.9 3969s
 255603 197082 -5296.3112  634   13 2942.64192 -44045.081  1597%  12.8 3998s
 259552 197881 -5457.2403  646    5 2942.64192 -44045.081  1597%  12.8 4024s
 260761 200507     cutoff  659      2942.64192 -44045.081  1597%  12.8 4058s
 264406 203624 -4057.5285  717    7 2942.64192 -44045.081  1597%  12.8 4089s
 268947 204765 -3444.5222  769    6 2942.64192 -44045.081  1597%  12.8 4118s
 270686 208741 -3025.6967  784    9 2942.64192 -44045.081  1597%  12.8 4152s
 275121 210931 -9673.5912  326   15 2942.64192 -44045.081  1597%  12.8 4187s
 277372 214875 -7870.0402  412   25 2942.64192 -44045.081  1597%  12.8 4217s
 281714 217364 -10087.909  196   54 2942.64192 -44045.081  1597%  12.8 4243s
 284375 220436 -9720.0379  287   27 2942.64192 -44045.081  1597%  12.8 4269s
 287641 223764 -35584.129  169   57 2942.64192 -44045.081  1597%  12.8 4294s
 291446 227499 -35583.866  384   72 2942.64192 -44045.081  1597%  12.8 4323s
 295508 229581 infeasible  432      2942.64192 -44045.081  1597%  12.8 4353s
 298214 232302 -23511.304  473    8 2942.64192 -44045.081  1597%  12.8 4381s
 301449 235223 -7690.6370  537   16 2942.64192 -44045.081  1597%  12.9 4408s
 305146 238276 -7585.5289  571   15 2942.64192 -44045.081  1597%  12.8 4436s
 308773 241499 -21952.195  591   34 2942.64192 -44045.081  1597%  12.8 4455s
 312705 244473 -22226.766  624   16 2942.64192 -44045.081  1597%  12.8 4477s
 316217 247437 -21465.845  640   16 2942.64192 -44045.081  1597%  12.8 4501s
 319994 249819 -21650.819  665   32 2942.64192 -44045.081  1597%  12.8 4528s
 323076 252511 -21537.235  687   41 2942.64192 -44045.081  1597%  12.8 4553s
 326209 255562 -21325.300  719   72 2942.64192 -44045.081  1597%  12.8 4580s
 329686 259505 -21071.519  750   49 2942.64192 -44045.081  1597%  12.9 4610s
 333961 263260 -20408.633  794   84 2942.64192 -44045.081  1597%  12.9 4636s
 338143 266879 -20408.633  801   87 2942.64192 -44045.081  1597%  12.9 4660s
 342170 269839 -20303.525  832   53 2942.64192 -44045.081  1597%  12.9 4688s
 345562 272553 -20203.990  849   55 2942.64192 -44045.081  1597%  12.9 4711s
 348775 274874 -5136.7619  874   56 2942.64192 -44045.081  1597%  12.9 4740s
 351664 276930 -19749.109  898   47 2942.64192 -44045.081  1597%  12.8 4764s
 354050 279581     cutoff  916      2942.64192 -44045.081  1597%  12.8 4786s
 357233 281765 -11218.425  180   45 2942.64192 -44045.081  1597%  12.8 4808s
 360289 284422 -9015.9076  348   18 2942.64192 -44045.081  1597%  12.8 4836s
 363635 287322 -11059.551  146   76 2942.64192 -44045.081  1597%  12.8 4863s
 367229 289348 -35584.009  293   38 2942.64192 -44045.081  1597%  12.8 4893s
 369808 291515 -35583.868  401   34 2942.64192 -44045.081  1597%  12.7 4919s
 372623 294087 -25807.943  498   63 2942.64192 -44045.081  1597%  12.7 4951s
 375807 297503 -8769.8530  592   39 2942.64192 -44045.081  1597%  12.7 4977s
 380032 300530 infeasible  726      2942.64192 -44045.081  1597%  12.7 5005s
 384043 303409 infeasible  278      2942.64192 -44045.081  1597%  12.7 5030s
 387492 304478 -35604.795  269   31 2942.64192 -44045.081  1597%  12.7 5057s
 388871 307639 -35604.762  322   45 2942.64192 -44045.081  1597%  12.7 5080s
 392398 310612 -35604.670  412   34 2942.64192 -44045.081  1597%  12.8 5110s
 395921 314232 -9919.2898  517   22 2942.64192 -44045.081  1597%  12.7 5138s
 399851 318114 -8435.2946  638   15 2942.64192 -44045.081  1597%  12.7 5164s
 404276 320270 -26257.406  157   54 2942.64192 -44045.081  1597%  12.7 5185s
 406753 321965 -10008.150  251   25 2942.64192 -44045.081  1597%  12.8 5219s
 408989 326163 -9640.2788  326   47 2942.64192 -44045.081  1597%  12.8 5245s
 413845 328643 -8991.3226  221   22 2942.64192 -44045.081  1597%  12.8 5269s
 416913 331645 -33593.649  328   61 2942.64192 -44045.081  1597%  12.8 5293s
 420311 335594 -23573.761  419   66 2942.64192 -44045.081  1597%  12.8 5319s
 424514 339148 -22303.859  577   46 2942.64192 -44045.081  1597%  12.7 5340s
 428300 341657 -21544.736  675   79 2942.64192 -44045.081  1597%  12.7 5362s
 431228 343641 -20638.635  742   81 2942.64192 -44045.081  1597%  12.7 5388s
 433611 345469 -7815.5312  778   50 2942.64192 -44045.081  1597%  12.7 5414s
 436004 347488 -6668.0785  866   84 2942.64192 -44045.081  1597%  12.8 5443s
 438382 351141 -28570.862  158   89 2942.64192 -44045.081  1597%  12.8 5474s
 442401 354063 -8650.0903  298   35 2942.64192 -44045.081  1597%  12.8 5502s
 445687 356823 -39833.142  160   53 2942.64192 -44045.081  1597%  12.7 5532s
 448640 360602 -35503.106  287   30 2942.64192 -44045.081  1597%  12.7 5557s
 452711 363788 -35502.893  456   26 2942.64192 -44045.081  1597%  12.7 5586s
 456062 367212 -25496.207  568    8 2942.64192 -44045.081  1597%  12.7 5608s
 460032 367230 -7582.1167  732   14 2942.64192 -44045.081  1597%  12.7 5730s
 460077 369719 -7582.1167  733   20 2942.64192 -44045.081  1597%  12.7 5763s
 462749 373182 -20342.993  175   49 2942.64192 -44045.081  1597%  12.7 5790s
 466568 375933 -9522.5510  212   20 2942.64192 -44045.081  1597%  12.7 5824s
 469417 378300 infeasible  303      2942.64192 -44045.081  1597%  12.7 5846s
 472894 380839 -8993.0570  237   22 2942.64192 -44045.081  1597%  12.7 5870s
 476398 383277 infeasible  368      2942.64192 -44045.081  1597%  12.7 5895s
 479896 385482 -20219.744  245   42 2942.64192 -44045.081  1597%  12.7 5917s
 482849 389328 -20219.559  370   27 2942.64192 -44045.081  1597%  12.7 5944s
 487094 391973 -9172.0549  557    3 2942.64192 -44045.081  1597%  12.7 5968s
 490113 395260 -18466.516  148   38 2942.64192 -44045.081  1597%  12.7 5999s
 493952 398533 -18466.305  322   44 2942.64192 -44045.081  1597%  12.7 6022s
 497718 401177     cutoff  450      2942.64192 -44045.081  1597%  12.6 6047s
 500993 402871 -8173.9351  495    8 2942.64192 -44045.081  1597%  12.6 6072s
 503393 405470 -8068.8270  526    9 2942.64192 -44045.081  1597%  12.6 6099s
 506859 408365     cutoff  568      2942.64192 -44045.081  1597%  12.6 6123s
 510223 411654 -7485.1426  594    9 2942.64192 -44045.081  1597%  12.6 6148s
 513969 413939     cutoff  616      2942.64192 -44045.081  1597%  12.6 6174s
 516728 416777 -6191.3699  638    9 2942.64192 -44045.081  1597%  12.6 6194s
 520234 419957 -6785.4348  642   11 2942.64192 -44045.081  1597%  12.6 6219s
 524013 420088 -10930.369  176   23 2942.64192 -44045.081  1597%  12.6 6408s
 524150 422362 -10930.369  177   23 2942.64192 -44045.081  1597%  12.6 6439s
 526974 425125 -9659.2809  282   28 2942.64192 -44045.081  1597%  12.6 6468s
 530509 427774 infeasible  382      2942.64192 -44045.081  1597%  12.6 6495s
 534095 430127 -9984.3777  157    7 2942.64192 -44045.081  1597%  12.6 6518s
 537703 432669 -8940.0591  199   18 2942.64192 -44045.081  1597%  12.6 6550s
 540774 435928 -7299.0072  235    9 2942.64192 -44045.081  1597%  12.6 6576s
 544995 438385 -20346.095  226   51 2942.64192 -44045.081  1597%  12.6 6608s
 548219 441277 -20345.898  334   55 2942.64192 -44045.081  1597%  12.6 6633s
 552078 444355 -11271.126  487   27 2942.64192 -44045.081  1597%  12.6 6661s
 555935 446861 -10777.359  506    7 2942.64192 -44045.081  1597%  12.6 6684s
 559159 448725     cutoff  535      2942.64192 -44045.081  1597%  12.6 6739s
 561392 452152 -9733.0401  559   17 2942.64192 -44045.081  1597%  12.6 6768s
 565140 455112     cutoff  581      2942.64192 -44045.081  1597%  12.6 6794s
 568878 457173 -19521.619  220   31 2942.64192 -44045.081  1597%  12.5 6819s
 571823 459400 -19521.462  340   32 2942.64192 -44045.081  1597%  12.5 6845s
 575237 461819 -8573.4365  530   18 2942.64192 -44045.081  1597%  12.5 6867s
 578707 463572 -7710.1451  636   20 2942.64192 -44045.081  1597%  12.5 6895s
 580984 466556 -35391.517  192   37 2942.64192 -44045.081  1597%  12.5 6922s
 584710 467571 -35391.295  369   30 2942.64192 -44045.081  1597%  12.5 6955s
 586180 470032 -35391.256  404   37 2942.64192 -44045.081  1597%  12.5 6988s
 589477 472256 -25638.348  487   23 2942.64192 -44045.081  1597%  12.5 7016s
 592271 475536 -7949.2226  650    3 2942.64192 -44045.081  1597%  12.5 7046s
 596408 478163 -5541.8607  734   65 2942.64192 -44045.081  1597%  12.5 7071s
 600094 479798 -35391.469  227   30 2942.64192 -44045.081  1597%  12.5 7103s
 602795 482241 -35391.316  328   31 2942.64192 -44045.081  1597%  12.5 7127s
 606137 485119 -9445.6954  514    4 2942.64192 -44045.081  1597%  12.5 7150s
 609976 487011 infeasible  702      2942.64192 -44045.081  1597%  12.5 7177s
 612677 489772 -35390.083  189   28 2942.64192 -44045.081  1597%  12.5 7200s
 616032 492492 -35389.912  307   25 2942.64192 -44045.081  1597%  12.5 7233s
 619400 495145 -35388.821  464   40 2942.64192 -44045.081  1597%  12.4 7259s
 622946 497822 -7960.2635  632    3 2942.64192 -44045.081  1597%  12.5 7286s
 626718 500106 -19927.448  144   33 2942.64192 -44045.081  1597%  12.5 7310s
 629458 503873 -9112.0033  281    3 2942.64192 -44045.081  1597%  12.5 7332s
 633916 507298 -8901.3200  148   23 2942.64192 -44045.081  1597%  12.5 7359s
 637928 509225 -7404.8472  294    3 2942.64192 -44045.081  1597%  12.5 7382s
 640357 513052 -44045.081  136   70 2942.64192 -44045.081  1597%  12.5 7406s
 644746 517088 -20166.749  297   35 2942.64192 -44045.081  1597%  12.4 7430s
 649107 519646 -10240.463  478   24 2942.64192 -44045.081  1597%  12.4 7455s
 652002 521774 -8968.4023  582   12 2942.64192 -44045.081  1597%  12.4 7479s
 654697 523779 -8330.8898  650   40 2942.64192 -44045.081  1597%  12.4 7506s
 657523 526309 -35329.694  120   66 2942.64192 -44045.081  1597%  12.4 7534s
 660593 527886 -20195.625  151   66 2942.64192 -44045.081  1597%  12.4 7561s
 663092 528772 -20195.603  185   52 2942.64192 -44045.081  1597%  12.4 7593s
 665264 530076 -20195.596  215   53 2942.64192 -44045.081  1597%  12.4 7621s
 667701 531450 -19645.079  247   80 2942.64192 -44045.081  1597%  12.4 7652s
 670314 532768 -20195.476  279   58 2942.64192 -44045.081  1597%  12.4 7685s
 673029 534664 -20195.399  309   59 2942.64192 -44045.081  1597%  12.4 7727s
 675529 538394 -20195.391  349   87 2942.64192 -44045.081  1597%  12.4 7768s
 679615 541245 -20195.335  393   87 2942.64192 -44045.081  1597%  12.4 7805s
 682815 544098 -8837.7271  427   67 2942.64192 -44045.081  1597%  12.5 7844s
 686099 546582 -11031.624  464   45 2942.64192 -44045.081  1597%  12.5 7878s
 689273 546609 -9903.0217  509   77 2942.64192 -44045.081  1597%  12.5 7991s
 689310 549025 -9903.0217  509   79 2942.64192 -44045.081  1597%  12.5 8028s
 692253 552133     cutoff  549      2942.64192 -44045.081  1597%  12.5 8066s
 695978 555060 -19930.525  187   18 2942.64192 -44045.081  1597%  12.5 8095s
 699666 557480 -19930.228  429   35 2942.64192 -44045.081  1597%  12.5 8129s
 703451 560147 -8972.3621  641   21 2942.64192 -44045.081  1597%  12.4 8161s
 707036 563090 infeasible  698      2942.64192 -44045.081  1597%  12.4 8193s
 711123 566619 -10393.012  177   34 2942.64192 -44045.081  1597%  12.4 8227s
 715680 569418 -8574.5195  350   13 2942.64192 -44045.081  1597%  12.4 8257s
 719105 572673 -34590.426  168   40 2942.64192 -44045.081  1597%  12.5 8287s
 723162 575862 -10310.512  206    6 2942.64192 -44045.081  1597%  12.5 8313s
 727111 578071 -9393.8451  249   26 2942.64192 -44045.081  1597%  12.4 8338s
 730580 578904 -7510.7420  284   21 2942.64192 -44045.081  1597%  12.4 8365s
 732473 581036 -20195.599  186   29 2942.64192 -44045.081  1597%  12.4 8393s
 735767 582947 -20195.391  371   32 2942.64192 -44045.081  1597%  12.4 8418s
 738786 585875 -9903.0217  529   10 2942.64192 -44045.081  1597%  12.4 8447s
 743019 588887 -8514.5214  680   13 2942.64192 -44045.081  1597%  12.4 8472s
 746896 590779 -19792.356  216   45 2942.64192 -44045.081  1597%  12.4 8497s
 749256 594240 -19792.207  306   34 2942.64192 -44045.081  1597%  12.4 8529s
 753423 598037 -9612.1681  480    1 2942.64192 -44045.081  1597%  12.4 8555s
 757559 601410 infeasible  641      2942.64192 -44045.081  1597%  12.4 8583s
 761200 604717 -20195.547  252   19 2942.64192 -44045.081  1597%  12.4 8606s
 764899 607468 -20195.333  415   24 2942.64192 -44045.081  1597%  12.4 8630s
 768081 609437     cutoff  469      2942.64192 -44045.081  1597%  12.4 8653s
 770788 610963 -10809.123  495   15 2942.64192 -44045.081  1597%  12.4 8680s
 773502 612496     cutoff  522      2942.64192 -44045.081  1597%  12.4 8705s
 776169 614423 -9307.1372  547   14 2942.64192 -44045.081  1597%  12.4 8731s
 779271 616577 -29229.706  143   58 2942.64192 -44045.081  1597%  12.4 8757s
 782488 618606 -19930.322  318   49 2942.64192 -44045.081  1597%  12.4 8785s
 785450 622059 -10855.549  465   32 2942.64192 -44045.081  1597%  12.4 8811s
 789562 623988     cutoff  468      2942.64192 -44045.081  1597%  12.4 8843s
 792056 627386     cutoff  495      2942.64192 -44045.081  1597%  12.4 8870s
 796158 630483     cutoff  541      2942.64192 -44045.081  1597%  12.4 8897s
 800048 632462 -9282.5508  572   20 2942.64192 -44045.081  1597%  12.4 8923s
 802829 634687     cutoff  600      2942.64192 -44045.081  1597%  12.4 8949s
 806332 637666     cutoff  620      2942.64192 -44045.081  1597%  12.4 8973s
 810216 639602     cutoff  638      2942.64192 -44045.081  1597%  12.4 9002s
 812641 642863 -8638.7570  648   24 2942.64192 -44045.081  1597%  12.4 9025s
 816723 645067 -38201.325  134  111 2942.64192 -44045.081  1597%  12.4 9052s
 820010 646992     cutoff  162      2942.64192 -44045.081  1597%  12.4 9078s
 823023 649221     cutoff  197      2942.64192 -44045.081  1597%  12.4 9103s
 825743 652504 -8344.0571  233    6 2942.64192 -44045.081  1597%  12.4 9135s
 829748 655431 -25485.556  253   37 2942.64192 -44045.081  1597%  12.4 9162s
 833412 658556 -25401.269  383   63 2942.64192 -44045.081  1597%  12.4 9187s
 837175 660488 -25401.262  525   76 2942.64192 -44045.081  1597%  12.4 9212s
 840035 661691     cutoff  553      2942.64192 -44045.081  1597%  12.4 9239s
 841957 664037     cutoff  590      2942.64192 -44045.081  1597%  12.4 9267s
 844988 666351 -8759.4217  634   40 2942.64192 -44045.081  1597%  12.4 9296s
 848112 668580 -8331.0960  674   39 2942.64192 -44045.081  1597%  12.4 9327s
 851045 671074 infeasible  713      2942.64192 -44045.081  1597%  12.4 9358s
 854449 673766     cutoff  722      2942.64192 -44045.081  1597%  12.4 9391s
 857992 675778 -19779.528  194   20 2942.64192 -44045.081  1597%  12.4 9420s
 860578 678963 -19779.446  278   24 2942.64192 -44045.081  1597%  12.4 9454s
 864392 683205 -19779.258  419   37 2942.64192 -44045.081  1597%  12.4 9487s
 869229 685607 -8831.8512  611   13 2942.64192 -44045.081  1597%  12.4 9510s
 872622 687709 -7444.4820  192   15 2942.64192 -44045.081  1597%  12.4 9538s
 875805 689582     cutoff  348      2942.64192 -44045.081  1597%  12.4 9560s
 879075 690931 -8958.9846  295   17 2942.64192 -44045.081  1597%  12.4 9588s
 881286 692722 -8095.6932  393   46 2942.64192 -44045.081  1597%  12.4 9621s
 884304 695244 -44045.081  209   78 2942.64192 -44045.081  1597%  12.4 9648s
 888116 697093 -34030.864  310   37 2942.64192 -44045.081  1597%  12.4 9675s
 891296 698447 -34030.804  384   30 2942.64192 -44045.081  1597%  12.4 9703s
 894128 700578 -34030.720  427   35 2942.64192 -44045.081  1597%  12.4 9732s
 897659 703118 -10408.389  463   13 2942.64192 -44045.081  1597%  12.4 9758s
 901415 706092 -26144.773  480   29 2942.64192 -44045.081  1597%  12.4 9785s
 905471 708313 -10185.889  515   13 2942.64192 -44045.081  1597%  12.4 9812s
 908329 710742 -10185.889  549   14 2942.64192 -44045.081  1597%  12.4 9843s
 911783 713344     cutoff  593      2942.64192 -44045.081  1597%  12.4 9870s
 915534 715603 -9738.0313  625   15 2942.64192 -44045.081  1597%  12.4 9900s
 918474 717887     cutoff  656      2942.64192 -44045.081  1597%  12.4 9925s
 921630 720106     cutoff  686      2942.64192 -44045.081  1597%  12.4 9955s
 925129 721935 -8909.2410  706   17 2942.64192 -44045.081  1597%  12.4 9984s
 928182 724005 -19364.604  176   46 2942.64192 -44045.081  1597%  12.4 10014s
 931036 727295 -19364.526  257   43 2942.64192 -44045.081  1597%  12.4 10044s
 935131 730728 -19364.338  420   44 2942.64192 -44045.081  1597%  12.4 10070s
 939421 733460 -7984.9817  606    4 2942.64192 -44045.081  1597%  12.4 10094s
 943067 735024 -19349.502  137   31 2942.64192 -44045.081  1597%  12.4 10122s
 945423 737321 -44045.081  191   69 2942.64192 -44045.081  1597%  12.4 10144s
 948772 739365 -42799.948  294   40 2942.64192 -44045.081  1597%  12.4 10172s
 951848 739386 -34030.800  408   30 2942.64192 -44045.081  1597%  12.3 10290s
 951891 740886 -34030.793  409   31 2942.64192 -44045.081  1597%  12.3 10318s
 954390 741943 -34029.806  456   18 2942.64192 -44045.081  1597%  12.3 10344s
 956140 745406 -26272.425  475   10 2942.64192 -44045.081  1597%  12.3 10375s
 960446 747087 -26006.556  510   49 2942.64192 -44045.081  1597%  12.3 10399s
 963608 749206 -24999.780  571   33 2942.64192 -44045.081  1597%  12.3 10426s
 967132 750792 -24602.191  620   15 2942.64192 -44045.081  1597%  12.3 10453s
 969752 753193 -24497.083  648   34 2942.64192 -44045.081  1597%  12.3 10482s
 973299 755900 -8970.0365  677   16 2942.64192 -44045.081  1597%  12.3 10510s
 976914 757781 -8848.3747  705   17 2942.64192 -44045.081  1597%  12.3 10539s
 979452 761198 -24006.307  718   17 2942.64192 -44045.081  1597%  12.3 10571s
 983995 763067 -22447.549  727   18 2942.64192 -44045.081  1597%  12.3 10608s
 986721 766707 -7209.2375  733   16 2942.64192 -44045.081  1597%  12.3 10637s
 991524 768400 -6758.7847  765   22 2942.64192 -44045.081  1597%  12.3 10661s
 994806 770552 -25701.065  261   33 2942.64192 -44045.081  1597%  12.3 10683s
 998333 773318 -9371.3150  344   26 2942.64192 -44045.081  1597%  12.3 10707s
 1002265 775412 -29284.083  138   67 2942.64192 -44045.081  1597%  12.3 10728s
 1005586 777292 -20208.964  309   55 2942.64192 -44045.081  1597%  12.3 10756s
 1008315 780472 -10960.909  457   18 2942.64192 -44045.081  1597%  12.3 10783s
 1012426 784295 infeasible  625      2942.64192 -44045.081  1597%  12.3 10811s
 1017285 786342 -19817.557  248   40 2942.64192 -44045.081  1597%  12.3 10835s
 1020075 790501 -19817.474  318   47 2942.64192 -44045.081  1597%  12.3 10865s
 1024851 794314 -9525.1016  497   20 2942.64192 -44045.081  1597%  12.3 10887s
 1029406 796277 -8556.7021  609    3 2942.64192 -44045.081  1597%  12.3 10913s
 1032049 798873 -43973.145  136   75 2942.64192 -44045.081  1597%  12.3 10937s
 1035119 802842 -9133.3629  225   26 2942.64192 -44045.081  1597%  12.3 10961s
 1039773 804566 infeasible  363      2942.64192 -44045.081  1597%  12.3 10985s
 1042133 808479 -9755.2207  197    1 2942.64192 -44045.081  1597%  12.3 11009s
 1043093 808479 -44045.081  134   76 2942.64192 -44045.081  1597%  12.3 11016s
 1046259 811676 -7941.1142  333    4 2942.64192 -44045.081  1597%  12.3 11037s
 1050322 814889 -9133.3629  217   13 2942.64192 -44045.081  1597%  12.3 11057s
 1053999 817035 infeasible  359      2942.64192 -44045.081  1597%  12.3 11080s
 1056857 820191     cutoff  190      2942.64192 -44045.081  1597%  12.3 11103s
 1060653 822798 -8110.0208  333   10 2942.64192 -44045.081  1597%  12.3 11124s
 1063986 825534 -43973.145  146   63 2942.64192 -44045.081  1597%  12.3 11147s
 1067274 829025 -19994.121  189   26 2942.64192 -44045.081  1597%  12.3 11174s
 1071191 831142 -19993.946  306   17 2942.64192 -44045.081  1597%  12.3 11196s
 1073996 835313 -19993.910  376   27 2942.64192 -44045.081  1597%  12.3 11220s
 1078418 838040 -19992.855  486   16 2942.64192 -44045.081  1597%  12.3 11240s
 1081988 840113 -10618.207  510   17 2942.64192 -44045.081  1597%  12.3 11261s
 1084485 842989     cutoff  534      2942.64192 -44045.081  1597%  12.3 11285s
 1087945 846171 -9596.4321  572    6 2942.64192 -44045.081  1597%  12.3 11309s
 1091548 849502     cutoff  598      2942.64192 -44045.081  1597%  12.3 11332s
 1095505 851860 -9046.4446  625    9 2942.64192 -44045.081  1597%  12.4 11353s
 1098517 854976 -8733.1407  652    6 2942.64192 -44045.081  1597%  12.4 11379s
 1102216 857055 infeasible  133      2942.64192 -44045.081  1597%  12.4 11402s
 1104445 861152 -20207.735  170   28 2942.64192 -44045.081  1597%  12.3 11427s
 1108802 862722 -20207.527  341   39 2942.64192 -44045.081  1597%  12.3 11457s
 1110447 866326 -20207.527  342   37 2942.64192 -44045.081  1597%  12.3 11483s
 1114413 868883 -10812.278  476   14 2942.64192 -44045.081  1597%  12.3 11509s
 1117948 872069     cutoff  497      2942.64192 -44045.081  1597%  12.3 11533s
 1122151 874507 -9915.1540  522   10 2942.64192 -44045.081  1597%  12.3 11558s
 1125180 877402 -9915.1540  539   18 2942.64192 -44045.081  1597%  12.3 11579s
 1129096 879369 -9915.1540  551    6 2942.64192 -44045.081  1597%  12.3 11601s
 1132312 881083 -9810.0459  574    7 2942.64192 -44045.081  1597%  12.3 11623s
 1135205 883593 -9559.7608  604    4 2942.64192 -44045.081  1597%  12.3 11648s
 1138411 886214     cutoff  628      2942.64192 -44045.081  1597%  12.3 11670s
 1142185 888339 infeasible  654      2942.64192 -44045.081  1597%  12.3 11695s
 1145221 890532 -20195.599  213   27 2942.64192 -44045.081  1597%  12.3 11718s
 1148446 893606 -20195.399  352   35 2942.64192 -44045.081  1597%  12.3 11742s
 1152533 896193 -9770.8776  540   15 2942.64192 -44045.081  1597%  12.3 11769s
 1155673 898466 -8384.0743  666    3 2942.64192 -44045.081  1597%  12.3 11791s
 1158706 902294 -20195.596  211   33 2942.64192 -44045.081  1597%  12.3 11817s
 1162924 906127 -20195.391  372   32 2942.64192 -44045.081  1597%  12.3 11840s
 1166939 908502 -11120.627  487    9 2942.64192 -44045.081  1597%  12.3 11864s
 1170096 908518 -10819.689  504   15 2942.64192 -44045.081  1597%  12.3 12122s
 1170144 910064 -10819.689  504    1 2942.64192 -44045.081  1597%  12.3 12147s
 1172822 911337     cutoff  526      2942.64192 -44045.081  1597%  12.3 12173s
 1174961 911941 -9903.0217  548    4 2942.64192 -44045.081  1597%  12.3 12199s
 1176686 915152     cutoff  572      2942.64192 -44045.081  1597%  12.3 12232s
 1180847 918250 -9547.6285  602    4 2942.64192 -44045.081  1597%  12.2 12260s
 1184564 920282     cutoff  638      2942.64192 -44045.081  1597%  12.2 12289s
 1187737 922063 -19593.407  214   18 2942.64192 -44045.081  1597%  12.2 12313s
 1190820 923747 -19593.202  381   22 2942.64192 -44045.081  1597%  12.2 12334s
 1193824 925261 -10217.500  520    1 2942.64192 -44045.081  1597%  12.2 12359s
 1196785 927146     cutoff  662      2942.64192 -44045.081  1597%  12.2 12387s
 1200235 928957 infeasible  246      2942.64192 -44045.081  1597%  12.2 12414s
 1203483 928971 -8033.9072  327   22 2942.64192 -44045.081  1597%  12.2 12540s
 1203531 930524 -8033.9072  328   25 2942.64192 -44045.081  1597%  12.2 12572s
 1206222 934060 -7065.5077  446   23 2942.64192 -44045.081  1597%  12.2 12615s
 1210921 936413 -19097.332  237   37 2942.64192 -44045.081  1597%  12.2 12645s
 1213756 940542 -19097.180  347   45 2942.64192 -44045.081  1597%  12.2 12678s
 1218313 941907 -10022.412  468   24 2942.64192 -44045.081  1597%  12.2 12713s
 1220763 943347 -9721.4739  492    1 2942.64192 -44045.081  1597%  12.2 12740s
 1224011 944914 -8804.8069  534   17 2942.64192 -44045.081  1597%  12.2 12767s
 1227285 946332     cutoff  553      2942.64192 -44045.081  1597%  12.2 12797s
 1230126 948741 -8578.0370  579    4 2942.64192 -44045.081  1597%  12.2 12823s
 1233986 951209     cutoff  610      2942.64192 -44045.081  1597%  12.2 12854s
 1237435 954707 -19983.489  155   60 2942.64192 -44045.081  1597%  12.2 12881s
 1241623 957705 -9097.2810  331    4 2942.64192 -44045.081  1597%  12.2 12907s
 1245408 960552 -44045.081  260   83 2942.64192 -44045.081  1597%  12.2 12933s
 1249153 962448     cutoff  306      2942.64192 -44045.081  1597%  12.2 12963s
 1252095 964635 -9773.5581  356    6 2942.64192 -44045.081  1597%  12.2 12988s
 1255667 966347 -9546.7882  398    8 2942.64192 -44045.081  1597%  12.2 13014s
 1258711 969179 -9118.4625  437    7 2942.64192 -44045.081  1597%  12.2 13041s
 1262189 972130 -8772.9742  469    6 2942.64192 -44045.081  1597%  12.2 13066s
 1265754 974352 infeasible  144      2942.64192 -44045.081  1597%  12.2 13091s
 1268878 976460 -8477.9556  344   30 2942.64192 -44045.081  1597%  12.2 13118s
 1271634 979387 -20419.867  178   38 2942.64192 -44045.081  1597%  12.2 13144s
 1275085 981687 -20419.642  355   38 2942.64192 -44045.081  1597%  12.2 13173s
 1278014 984431 -11043.957  479   15 2942.64192 -44045.081  1597%  12.2 13197s
 1281510 987012 -34468.056  212   63 2942.64192 -44045.081  1597%  12.2 13224s
 1284915 988426 -8651.1308  380   35 2942.64192 -44045.081  1597%  12.2 13252s
 1287255 990612 -44045.081  199   58 2942.64192 -44045.081  1597%  12.2 13281s
 1290533 991832 -34030.869  300   35 2942.64192 -44045.081  1597%  12.2 13306s
 1292753 993201 -34030.706  447   49 2942.64192 -44045.081  1597%  12.2 13335s
 1295348 995831 -26272.425  487   28 2942.64192 -44045.081  1597%  12.2 13362s
 1298936 998249 -10324.106  518   16 2942.64192 -44045.081  1597%  12.2 13392s
 1302075 1001099 -10218.998  562   22 2942.64192 -44045.081  1597%  12.2 13421s
 1305708 1003115     cutoff  603      2942.64192 -44045.081  1597%  12.2 13452s
 1308834 1006996 -9669.0103  639   14 2942.64192 -44045.081  1597%  12.2 13481s
 1313300 1008853 -6350.2938  673   51 2942.64192 -44045.081  1597%  12.3 13510s
 1316069 1011354 -9296.4976  218   10 2942.64192 -44045.081  1597%  12.3 13541s
 1319436 1013025 -19504.816  198   36 2942.64192 -44045.081  1597%  12.3 13574s
 1322419 1015041 -10131.731  221   23 2942.64192 -44045.081  1597%  12.3 13611s
 1325736 1017806 -9087.4128  259   31 2942.64192 -44045.081  1597%  12.3 13642s
 1329366 1019714 -8238.4193  289   28 2942.64192 -44045.081  1597%  12.3 13675s
 1331972 1022296 -35215.217  222   52 2942.64192 -44045.081  1597%  12.3 13708s
 1335649 1025103 -24010.017  405   34 2942.64192 -44045.081  1597%  12.3 13733s
 1339143 1027391 -22795.929  593   82 2942.64192 -44045.081  1597%  12.3 13763s
 1341884 1027420 -35215.095  238   40 2942.64192 -44045.081  1597%  12.3 13979s
 1341919 1029549 -35215.095  239   34 2942.64192 -44045.081  1597%  12.3 14021s
 1345068 1032590 -10875.499  306   15 2942.64192 -44045.081  1597%  12.3 14053s
 1349632 1035149     cutoff  371      2942.64192 -44045.081  1597%  12.3 14088s
 1353146 1037580 -9601.5273  415   17 2942.64192 -44045.081  1597%  12.3 14118s
 1356619 1039980 -8976.4924  452   48 2942.64192 -44045.081  1597%  12.3 14151s
 1359777 1042117 -34560.554  199   93 2942.64192 -44045.081  1597%  12.3 14183s
 1363143 1043823 -9235.3147  305   22 2942.64192 -44045.081  1597%  12.3 14215s
 1366354 1045762 -8266.9152  420   43 2942.64192 -44045.081  1597%  12.3 14249s
 1369878 1047982 -25009.561  309   22 2942.64192 -44045.081  1597%  12.3 14284s
 1372918 1050572 -24362.832  368   18 2942.64192 -44045.081  1597%  12.3 14318s
 1376342 1053628 -8144.5755  434   23 2942.64192 -44045.081  1597%  12.3 14350s
 1380389 1056332 -22943.467  479   24 2942.64192 -44045.081  1597%  12.3 14380s
 1383815 1058767 -7789.1823  519   21 2942.64192 -44045.081  1597%  12.3 14412s
 1386935 1060966 -22159.819  543   23 2942.64192 -44045.081  1597%  12.3 14440s
 1390135 1063070 -19392.478  225   51 2942.64192 -44045.081  1597%  12.4 14469s
 1393783 1065719 -9273.1775  250   13 2942.64192 -44045.081  1597%  12.4 14504s
 1397753 1068222 -7914.4389  312   14 2942.64192 -44045.081  1597%  12.4 14532s
 1401470 1072312 -44045.081  218   84 2942.64192 -44045.081  1597%  12.4 14562s
 1406101 1075964 -24514.323  369   84 2942.64192 -44045.081  1597%  12.4 14587s
 1410392 1079254 infeasible  541      2942.64192 -44045.081  1597%  12.4 14613s
 1414490 1081172 -43194.897  231   90 2942.64192 -44045.081  1597%  12.4 14638s
 1416941 1083505 -25669.839  214   41 2942.64192 -44045.081  1597%  12.4 14666s
 1420473 1086437 -8982.1419  351   19 2942.64192 -44045.081  1597%  12.4 14692s
 1424470 1089340 -9703.3583  324    6 2942.64192 -44045.081  1597%  12.4 14719s
 1428201 1092434 -25775.400  264   49 2942.64192 -44045.081  1597%  12.4 14745s
 1431587 1095659 -24265.367  378   40 2942.64192 -44045.081  1597%  12.4 14775s
 1435385 1098693 -23234.609  519   28 2942.64192 -44045.081  1597%  12.4 14798s
 1439142 1101408 -6484.2186  650   61 2942.64192 -44045.081  1597%  12.4 14823s
 1442793 1103527 -35206.854  214   63 2942.64192 -44045.081  1597%  12.4 14847s
 1445285 1106411 -26047.588  268   37 2942.64192 -44045.081  1597%  12.4 14875s
 1448912 1109001 -25750.440  322   26 2942.64192 -44045.081  1597%  12.4 14900s
 1452581 1110934 -24377.355  390   52 2942.64192 -44045.081  1597%  12.4 14928s
 1455490 1113168 -23853.843  441   31 2942.64192 -44045.081  1597%  12.4 14952s
 1458774 1116059 -8850.3081  489   24 2942.64192 -44045.081  1597%  12.4 14979s
 1462326 1119481 -23498.450  522   38 2942.64192 -44045.081  1597%  12.4 15004s
 1466349 1121740 -23329.631  554   83 2942.64192 -44045.081  1597%  12.5 15029s
 1469170 1123902 infeasible  582      2942.64192 -44045.081  1597%  12.5 15056s
 1471916 1126151 -9856.9342  246   10 2942.64192 -44045.081  1597%  12.5 15081s
 1475242 1128620 -9574.0937  289   12 2942.64192 -44045.081  1597%  12.5 15110s
 1478559 1132117 infeasible  301      2942.64192 -44045.081  1597%  12.5 15136s
 1482759 1134567 -9403.6559  364   11 2942.64192 -44045.081  1597%  12.5 15163s
 1486498 1135748 -9821.1356  231    2 2942.64192 -44045.081  1597%  12.5 15198s
 1488321 1137963 -9716.0275  262    3 2942.64192 -44045.081  1597%  12.5 15228s
 1492426 1140066 -44045.081  194   74 2942.64192 -44045.081  1597%  12.5 15258s
 1495777 1140095 -10024.253  307    9 2942.64192 -44045.081  1597%  12.5 15414s
 1495812 1142755 -9779.7704  308    9 2942.64192 -44045.081  1597%  12.5 15450s
 1499274 1145294 -8767.7623  436   42 2942.64192 -44045.081  1597%  12.5 15480s
 1503216 1147290 -44045.081  226   82 2942.64192 -44045.081  1597%  12.5 15507s
 1506743 1149377 -25632.780  338   33 2942.64192 -44045.081  1597%  12.5 15535s
 1510137 1151554 -25632.761  402   40 2942.64192 -44045.081  1597%  12.5 15564s
 1513098 1154216 -25548.502  476   66 2942.64192 -44045.081  1597%  12.5 15596s
 1516479 1156444 -25548.501  537   54 2942.64192 -44045.081  1597%  12.5 15627s
 1519596 1159201 -25351.679  595   37 2942.64192 -44045.081  1597%  12.5 15660s
 1523343 1161590 -8303.0424  744   63 2942.64192 -44045.081  1597%  12.5 15686s
 1526651 1163530 -7650.8085  810   50 2942.64192 -44045.081  1597%  12.5 15716s
 1529697 1166138 -44045.081  181  123 2942.64192 -44045.081  1597%  12.5 15744s
 1533557 1168956 -8752.4575  344   19 2942.64192 -44045.081  1597%  12.5 15777s
 1537568 1171004 -44045.081  188   81 2942.64192 -44045.081  1597%  12.5 15807s
 1540270 1173421 -10702.228  211   42 2942.64192 -44045.081  1597%  12.5 15840s
 1543214 1176166 -10018.528  282   29 2942.64192 -44045.081  1597%  12.5 15871s
 1546326 1177792     cutoff  313      2942.64192 -44045.081  1597%  12.5 15904s
 1549231 1179566     cutoff  360      2942.64192 -44045.081  1597%  12.5 15935s
 1552732 1182139     cutoff  244      2942.64192 -44045.081  1597%  12.5 15963s
 1556549 1184624     cutoff  302      2942.64192 -44045.081  1597%  12.5 15995s
 1560118 1187602 -33604.445  250   49 2942.64192 -44045.081  1597%  12.5 16022s
 1563908 1190248 -8715.8618  382   33 2942.64192 -44045.081  1597%  12.5 16053s
 1567069 1193264 -7303.6724  511   33 2942.64192 -44045.081  1597%  12.5 16082s
 1570899 1196665 -38023.646  210   99 2942.64192 -44045.081  1597%  12.5 16107s
 1575107 1199174 -9014.0495  373   33 2942.64192 -44045.081  1597%  12.5 16134s
 1578079 1202773 -8358.9539  500   34 2942.64192 -44045.081  1597%  12.6 16159s
 1582389 1205427 -9250.6433  301   31 2942.64192 -44045.081  1597%  12.6 16187s
 1585403 1208467 -8282.2438  424   65 2942.64192 -44045.081  1597%  12.6 16211s
 1589022 1210783 -20247.660  203   69 2942.64192 -44045.081  1597%  12.6 16233s
 1592426 1212883 -9264.2979  290   35 2942.64192 -44045.081  1597%  12.6 16261s
 1595004 1215504 -9264.2941  371   49 2942.64192 -44045.081  1597%  12.6 16286s
 1598461 1218572 -9264.2917  493   48 2942.64192 -44045.081  1597%  12.6 16316s
 1602207 1222175 -9082.7992  582   21 2942.64192 -44045.081  1597%  12.6 16337s
 1606245 1224826     cutoff  607      2942.64192 -44045.081  1597%  12.6 16361s
 1609383 1227683     cutoff  648      2942.64192 -44045.081  1597%  12.6 16383s
 1612927 1231025     cutoff  688      2942.64192 -44045.081  1597%  12.6 16405s
 1616620 1233416 -19849.634  270   33 2942.64192 -44045.081  1597%  12.6 16428s
 1619600 1236119 -8889.5304  273   45 2942.64192 -44045.081  1597%  12.6 16454s
 1622915 1238916 -7617.4702  399   36 2942.64192 -44045.081  1597%  12.6 16476s
 1626765 1240474 -29233.657  193   75 2942.64192 -44045.081  1597%  12.6 16506s
 1628803 1243910 -20155.433  258   37 2942.64192 -44045.081  1597%  12.6 16532s
 1633180 1246505 -33680.003  274  113 2942.64192 -44045.081  1597%  12.5 16563s
 1636269 1250225 -25294.124  274   49 2942.64192 -44045.081  1597%  12.5 16588s
 1640265 1253552 -25294.120  406   60 2942.64192 -44045.081  1597%  12.5 16614s
 1644009 1256486 -25294.117  539   77 2942.64192 -44045.081  1597%  12.5 16640s
 1647668 1259259 -8944.3344  692   58 2942.64192 -44045.081  1597%  12.5 16667s
 1651073 1260783     cutoff  778      2942.64192 -44045.081  1597%  12.5 16694s
 1653248 1263144 -7836.8939  777   92 2942.64192 -44045.081  1597%  12.5 16727s
 1656347 1266802 -35062.657  200   81 2942.64192 -44045.081  1597%  12.5 16755s
 1660571 1271018 -35062.657  205   68 2942.64192 -44045.081  1597%  12.5 16784s
 1665224 1275105 -24941.450  390   59 2942.64192 -44045.081  1597%  12.5 16804s
 1669649 1278232 -24941.446  530   77 2942.64192 -44045.081  1597%  12.5 16829s
 1673134 1281374 -9483.2353  631   68 2942.64192 -44045.081  1597%  12.5 16855s
 1676659 1284824 -8092.3359  772   43 2942.64192 -44045.081  1597%  12.5 16877s
 1680524 1287155 -29230.491  226   71 2942.64192 -44045.081  1597%  12.5 16900s
 1683361 1290161 -20155.505  246   45 2942.64192 -44045.081  1597%  12.5 16928s
 1686806 1292613 -9681.3648  379   47 2942.64192 -44045.081  1597%  12.5 16960s
 1689402 1295760 -9681.3624  447   62 2942.64192 -44045.081  1597%  12.5 16987s
 1692891 1299062 -9681.3595  557   61 2942.64192 -44045.081  1597%  12.5 17016s
 1696718 1302451 infeasible  190      2942.64192 -44045.081  1597%  12.5 17044s
 1700518 1305161 -24439.348  334   74 2942.64192 -44045.081  1597%  12.5 17071s
 1703729 1306369 -24439.344  444   91 2942.64192 -44045.081  1597%  12.5 17095s
 1705144 1309631 -24439.343  490   86 2942.64192 -44045.081  1597%  12.5 17127s
 1708956 1312486 -23941.078  595   80 2942.64192 -44045.081  1597%  12.5 17156s
 1712354 1314784 -8316.7455  712   52 2942.64192 -44045.081  1597%  12.5 17189s
 1715337 1317426 -44045.081  197  100 2942.64192 -44045.081  1597%  12.5 17219s
 1718624 1319749 -44045.081  237   57 2942.64192 -44045.081  1597%  12.5 17249s
 1721811 1321482 -25718.772  276   12 2942.64192 -44045.081  1597%  12.5 17287s
 1724419 1324509 -25420.867  312   49 2942.64192 -44045.081  1597%  12.5 17319s
 1728473 1326732 -25293.214  365   43 2942.64192 -44045.081  1597%  12.5 17350s
 1731580 1330357 -25293.213  401   64 2942.64192 -44045.081  1597%  12.5 17381s
 1735876 1334305 -25293.212  445  104 2942.64192 -44045.081  1597%  12.5 17413s
 1740030 1337494 -25293.211  491  118 2942.64192 -44045.081  1597%  12.5 17441s
 1743467 1340333 -25293.211  527  121 2942.64192 -44045.081  1597%  12.5 17469s
 1746553 1344093 -25120.166  548  126 2942.64192 -44045.081  1597%  12.5 17498s
 1750879 1347171 -25293.210  583  145 2942.64192 -44045.081  1597%  12.5 17526s
 1754381 1350536 -24889.394  614  148 2942.64192 -44045.081  1597%  12.5 17551s
 1758250 1353645 -24871.936  642  136 2942.64192 -44045.081  1597%  12.5 17573s
 1762046 1355469 -25293.206  669  141 2942.64192 -44045.081  1597%  12.5 17596s
 1764240 1358850 infeasible  688      2942.64192 -44045.081  1597%  12.5 17620s
 1768072 1362157     cutoff  707      2942.64192 -44045.081  1597%  12.5 17642s
 1772022 1365332     cutoff  747      2942.64192 -44045.081  1597%  12.5 17663s
 1775407 1368410 -9008.2093  778  102 2942.64192 -44045.081  1597%  12.5 17685s
 1778883 1371695 infeasible  803      2942.64192 -44045.081  1597%  12.5 17707s
 1782419 1374528 -25775.725  283  106 2942.64192 -44045.081  1597%  12.4 17728s
 1785728 1377209 -25285.754  385   91 2942.64192 -44045.081  1597%  12.4 17749s
 1788967 1380680 -25285.749  515   78 2942.64192 -44045.081  1597%  12.4 17771s
 1792844 1383724 -25285.745  618   76 2942.64192 -44045.081  1597%  12.4 17791s
 1796237 1386149 -19656.539  214   46 2942.64192 -44045.081  1597%  12.4 17813s
 1798832 1388426 infeasible  217      2942.64192 -44045.081  1597%  12.4 17833s
 1801239 1391870 -10212.145  269   45 2942.64192 -44045.081  1597%  12.4 17856s
 1805206 1394928 -8327.0790  437   28 2942.64192 -44045.081  1597%  12.4 17877s
 1808960 1398042 -34476.221  254   74 2942.64192 -44045.081  1597%  12.4 17899s
 1812338 1400412 -24921.865  386   62 2942.64192 -44045.081  1597%  12.4 17921s
 1815323 1403656 -24921.863  494   63 2942.64192 -44045.081  1597%  12.4 17941s
 1819266 1406241 -24759.499  567  100 2942.64192 -44045.081  1597%  12.4 17960s
 1822730 1408524 -24567.001  285   43 2942.64192 -44045.081  1597%  12.4 17981s
 1825782 1411307 -24566.996  394   62 2942.64192 -44045.081  1597%  12.4 18002s
 1829207 1414100 -24566.994  489   60 2942.64192 -44045.081  1597%  12.4 18022s
 1832748 1416969 -9327.9549  586   57 2942.64192 -44045.081  1597%  12.4 18043s
 1836245 1419519 -7453.4541  727   47 2942.64192 -44045.081  1597%  12.4 18063s
 1839940 1422178 -24567.001  260   51 2942.64192 -44045.081  1597%  12.4 18081s
 1843577 1424161 -7831.0139  427   40 2942.64192 -44045.081  1597%  12.4 18101s
 1846335 1425723 -34560.554  194   99 2942.64192 -44045.081  1597%  12.4 18120s
 1848785 1427219 infeasible  207      2942.64192 -44045.081  1597%  12.4 18140s
 1851283 1429348 infeasible  241      2942.64192 -44045.081  1597%  12.4 18162s
 1854460 1432016 -8552.9905  301   44 2942.64192 -44045.081  1597%  12.4 18183s
 1858527 1433918 -7044.9675  469   21 2942.64192 -44045.081  1597%  12.4 18206s
 1860961 1436948 -33888.088  210   49 2942.64192 -44045.081  1597%  12.4 18229s
 1864614 1439709 -23967.055  333   71 2942.64192 -44045.081  1597%  12.4 18250s
 1867833 1442550 -7300.0874  487   17 2942.64192 -44045.081  1597%  12.4 18270s
 1871617 1444470 -25548.507  340   52 2942.64192 -44045.081  1597%  12.4 18292s
 1874400 1446562 -25548.503  438   65 2942.64192 -44045.081  1597%  12.4 18314s
 1877363 1448926 -10516.850  521   57 2942.64192 -44045.081  1597%  12.4 18335s
 1880723 1450671 -9403.3609  647   50 2942.64192 -44045.081  1597%  12.4 18357s
 1883280 1453782 -8392.0549  762   49 2942.64192 -44045.081  1597%  12.4 18379s
 1887326 1456913 -25548.507  362   43 2942.64192 -44045.081  1597%  12.4 18399s
 1891233 1459048 -25167.071  521   61 2942.64192 -44045.081  1597%  12.4 18424s
 1894083 1461038 -25167.069  602   54 2942.64192 -44045.081  1597%  12.4 18448s
 1896671 1464199 -24598.113  681   66 2942.64192 -44045.081  1597%  12.4 18469s
 1900771 1466711 -23157.934  834   31 2942.64192 -44045.081  1597%  12.4 18492s
 1903864 1470448 -7390.6429  927   13 2942.64192 -44045.081  1597%  12.4 18513s
 1908222 1473545 -6046.2436 1052   72 2942.64192 -44045.081  1597%  12.4 18533s
 1911940 1476014 -4605.2903 1083   84 2942.64192 -44045.081  1597%  12.4 18551s
 1915150 1478137 -34722.995  315   62 2942.64192 -44045.081  1597%  12.4 18576s
 1918086 1481688 -25272.072  408   39 2942.64192 -44045.081  1597%  12.4 18596s
 1922528 1484899 -23758.764  305  143 2942.64192 -44045.081  1597%  12.4 18615s
 1926368 1486491 -34850.675  305   82 2942.64192 -44045.081  1597%  12.4 18698s
 1928281 1488672 -25272.073  377   53 2942.64192 -44045.081  1597%  12.4 18731s
 1930762 1492523 -25272.071  464   39 2942.64192 -44045.081  1597%  12.4 18768s
 1934828 1497352 -9461.9658  592   72 2942.64192 -44045.081  1597%  12.4 18796s
 1939821 1501592 -8925.0791  768   49 2942.64192 -44045.081  1597%  12.4 18822s
 1944807 1504126 -9772.1382  312   43 2942.64192 -44045.081  1597%  12.4 18844s
 1948405 1506697 -8530.9916  392   31 2942.64192 -44045.081  1597%  12.4 18867s
 1952099 1509980 -5192.4806  529   69 2942.64192 -44045.081  1597%  12.4 18888s
 1956373 1512695 -9698.1276  283   18 2942.64192 -44045.081  1597%  12.4 18908s
 1959689 1515728     cutoff  374      2942.64192 -44045.081  1597%  12.4 18929s
 1963165 1516959 -8964.2049  351   44 2942.64192 -44045.081  1597%  12.4 19047s
 1964632 1520016 -8487.9769  412   27 2942.64192 -44045.081  1597%  12.4 19076s
 1968510 1522717 -19777.622  187   31 2942.64192 -44045.081  1597%  12.4 19103s
 1972223 1525250 -19777.425  349   41 2942.64192 -44045.081  1597%  12.4 19128s
 1975751 1527293 -19776.362  522   33 2942.64192 -44045.081  1597%  12.4 19154s
 1978520 1531367     cutoff  535      2942.64192 -44045.081  1597%  12.4 19179s
 1983085 1534908 -9485.0475  564    7 2942.64192 -44045.081  1597%  12.4 19201s
 1986932 1537119     cutoff  586      2942.64192 -44045.081  1597%  12.4 19225s
 1989351 1540733     cutoff  594      2942.64192 -44045.081  1597%  12.4 19247s
 1993352 1545378 -44045.081  160   65 2942.64192 -44045.081  1597%  12.4 19273s
 1998412 1549233 infeasible  397      2942.64192 -44045.081  1597%  12.4 19301s
 2002819 1553466 -19980.340  243   22 2942.64192 -44045.081  1597%  12.4 19332s
 2007388 1558036 -19980.154  421   35 2942.64192 -44045.081  1597%  12.4 19358s
 2012632 1561151 -10106.185  601    8 2942.64192 -44045.081  1597%  12.4 19383s
 2016738 1564097 -9483.1380  662   22 2942.64192 -44045.081  1597%  12.4 19409s
 2020954 1565554 -9319.9100  696   22 2942.64192 -44045.081  1597%  12.4 19438s
 2024128 1568880     cutoff  720      2942.64192 -44045.081  1597%  12.4 19466s
 2029140 1572292     cutoff  748      2942.64192 -44045.081  1597%  12.4 19495s
 2033565 1576250 -29068.279  311   78 2942.64192 -44045.081  1597%  12.4 19521s
 2038566 1579714 -19678.405  569   42 2942.64192 -44045.081  1597%  12.4 19548s
 2043230 1582240 -9331.1791  739   24 2942.64192 -44045.081  1597%  12.4 19580s
 2046453 1586944 -9331.1755  853   45 2942.64192 -44045.081  1597%  12.4 19613s
 2052107 1589730     cutoff  968      2942.64192 -44045.081  1597%  12.4 19644s
 2056381 1593426 -8794.2888 1009   32 2942.64192 -44045.081  1597%  12.4 19670s
 2061473 1597266 -8494.5865 1037   32 2942.64192 -44045.081  1597%  12.3 19697s
 2066276 1601979 -8181.2826 1063   32 2942.64192 -44045.081  1597%  12.3 19724s
 2071648 1605543     cutoff 1085      2942.64192 -44045.081  1597%  12.3 19752s
 2075614 1610074 -42914.113  307   57 2942.64192 -44045.081  1597%  12.3 19775s
 2080851 1613807 -35165.818  164   18 2942.64192 -44045.081  1597%  12.3 19799s
 2085505 1617095 -35165.615  385   20 2942.64192 -44045.081  1597%  12.3 19824s
 2089877 1620497 -25952.625  565   17 2942.64192 -44045.081  1597%  12.3 19849s
 2094105 1622990 -10228.609  617   25 2942.64192 -44045.081  1597%  12.3 19875s
 2097651 1626990 -9322.5080  658   11 2942.64192 -44045.081  1597%  12.3 19900s
 2102321 1630745     cutoff  700      2942.64192 -44045.081  1597%  12.3 19925s
 2106771 1634634 -8967.1147  733    9 2942.64192 -44045.081  1597%  12.3 19953s
 2111576 1638141 -8783.5317  763    9 2942.64192 -44045.081  1597%  12.3 19978s
 2116436 1640357 -8278.5213  787   10 2942.64192 -44045.081  1597%  12.3 20007s
 2119380 1644888     cutoff  809      2942.64192 -44045.081  1597%  12.3 20037s
 2124673 1649535 -9047.7814  391   22 2942.64192 -44045.081  1597%  12.3 20067s
 2129878 1654573 -7835.7077  556   47 2942.64192 -44045.081  1597%  12.3 20092s
 2135945 1657528 -9019.0203  357    6 2942.64192 -44045.081  1597%  12.3 20119s
 2139993 1660377     cutoff  177      2942.64192 -44045.081  1597%  12.3 20143s
 2144765 1662940 -10053.521  225   14 2942.64192 -44045.081  1597%  12.3 20170s
 2148747 1668578 -20334.606  156   42 2942.64192 -44045.081  1597%  12.3 20196s
 2155065 1673447 -20334.315  398   43 2942.64192 -44045.081  1597%  12.3 20222s
 2160328 1677271 -11170.604  494    7 2942.64192 -44045.081  1597%  12.3 20246s
 2164720 1681795 -10958.669  519   25 2942.64192 -44045.081  1597%  12.3 20269s
 2170086 1685001 -10439.591  542   23 2942.64192 -44045.081  1597%  12.3 20293s
 2174489 1689366     cutoff  565      2942.64192 -44045.081  1597%  12.3 20319s
 2179514 1693644     cutoff  598      2942.64192 -44045.081  1597%  12.3 20344s
 2184250 1697533 -44045.081  161   64 2942.64192 -44045.081  1597%  12.3 20372s
 2188701 1702594 -35162.587  326   42 2942.64192 -44045.081  1597%  12.3 20397s
 2194582 1705134 -35161.448  536   43 2942.64192 -44045.081  1597%  12.3 20422s
 2197512 1710548 -25860.518  579   18 2942.64192 -44045.081  1597%  12.3 20447s
 2203464 1714232 -10225.505  644   19 2942.64192 -44045.081  1597%  12.2 20470s
 2207816 1717394 -9584.7011  699   23 2942.64192 -44045.081  1597%  12.3 20495s
 2212223 1720608 -9380.0583  747   18 2942.64192 -44045.081  1597%  12.3 20517s
 2217142 1724666 -9216.8303  779   18 2942.64192 -44045.081  1597%  12.3 20541s
 2222426 1728816 -9016.3827  799   30 2942.64192 -44045.081  1597%  12.3 20566s
 2227184 1733413 -8064.9729  807   19 2942.64192 -44045.081  1597%  12.2 20589s
 2232322 1736641 -36678.427  143   39 2942.64192 -44045.081  1597%  12.2 20611s
 2236353 1739257 -10194.513  188   22 2942.64192 -44045.081  1597%  12.2 20637s
 2239615 1743576 -9288.4114  224   21 2942.64192 -44045.081  1597%  12.2 20663s
 2244781 1747003 -9801.7674  213   12 2942.64192 -44045.081  1597%  12.2 20687s
 2249069 1750347 -44045.081  170   59 2942.64192 -44045.081  1597%  12.2 20714s
 2253486 1753621 -9969.2374  228   18 2942.64192 -44045.081  1597%  12.2 20741s
 2258377 1755432 -11271.126  148   42 2942.64192 -44045.081  1597%  12.2 20771s
 2262247 1760026 -10053.521  220   18 2942.64192 -44045.081  1597%  12.2 20799s
 2268584 1765907 -8500.9086  257   19 2942.64192 -44045.081  1597%  12.2 20827s
 2274940 1771470 -35162.510  363   18 2942.64192 -44045.081  1597%  12.2 20854s
 2280816 1772014 -25949.520  566   45 2942.64192 -44045.081  1597%  12.2 20967s
 2281457 1775803 -25441.008  621   31 2942.64192 -44045.081  1597%  12.2 20999s
 2285990 1775835 -22410.526  790   60 2942.64192 -44045.081  1597%  12.2 21087s
 2286022 1782427 -22265.902  791   76 2942.64192 -44045.081  1597%  12.2 21126s
 2293098 1787724 -35162.539  340   57 2942.64192 -44045.081  1597%  12.2 21157s
 2298443 1789803 -35161.448  548   58 2942.64192 -44045.081  1597%  12.2 21180s
 2300649 1793494 -9838.4813  645   17 2942.64192 -44045.081  1597%  12.2 21211s
 2304736 1798700 -8016.5370  789   42 2942.64192 -44045.081  1597%  12.2 21244s
 2310373 1803804 -9422.3774  325    3 2942.64192 -44045.081  1597%  12.2 21272s
 2316405 1807770 -9753.0754  271   36 2942.64192 -44045.081  1597%  12.2 21310s
 2321303 1811951 -9969.2374  252    2 2942.64192 -44045.081  1597%  12.2 21343s
 2326311 1817064 -34969.433  206   20 2942.64192 -44045.081  1597%  12.2 21372s
 2331904 1821832 -34969.199  444   50 2942.64192 -44045.081  1597%  12.2 21409s
 2336792 1826647 -25247.731  628   57 2942.64192 -44045.081  1597%  12.2 21437s
 2342207 1829666 -23023.825  842   13 2942.64192 -44045.081  1597%  12.2 21472s
 2345814 1832717 -6767.2319 1013   13 2942.64192 -44045.081  1597%  12.2 21504s
 2349824 1836184 -35165.723  284   56 2942.64192 -44045.081  1597%  12.2 21546s
 2354320 1841161 -35165.547  505   45 2942.64192 -44045.081  1597%  12.2 21581s
 2360149 1843016 -8975.4518  769   20 2942.64192 -44045.081  1597%  12.2 21600s

Cutting planes:
  Gomory: 7
  Implied bound: 95
  MIR: 1
  Flow cover: 48
  Zero half: 1
  Relax-and-lift: 102
Warning: uncrushing solution degraded objective value from 2942.6419155 to 2993.3206370

Explored 2362809 nodes (28843773 simplex iterations) in 21602.38 seconds (3093.05 work units)
Thread count was 32 (of 48 available processors)

Solution count 9: 2942.64 2993.32 2993.32 ... 9151.21

Time limit reached
Best objective 2.993320636970e+03, best bound -4.404508063807e+04, gap 1571.4455%
