
Gurobi 11.0.1 (linux64) logging started Sun Jul 27 09:01:56 2025

Set parameter LogFile to value "gurobi_30.log"
Gurobi Optimizer version 11.0.1 build v11.0.1rc0 (linux64 - "Red Hat Enterprise Linux 8.10 (Ootpa)")

CPU model: Intel(R) Xeon(R) Gold 6248R CPU @ 3.00GHz, instruction set [SSE2|AVX|AVX2|AVX512]
Thread count: 48 physical cores, 48 logical processors, using up to 32 threads

Optimize a model with 619426 rows, 247539 columns and 4638066 nonzeros
Model fingerprint: 0x0e9ece65
Model has 199987 quadratic objective terms
Model has 94124 quadratic constraints
Variable types: 50110 continuous, 197429 integer (197429 binary)
Coefficient statistics:
  Matrix range     [1e+00, 1e+06]
  QMatrix range    [1e+00, 1e+00]
  QLMatrix range   [1e+00, 8e+01]
  Objective range  [1e+00, 2e+03]
  QObjective range [1e+01, 1e+02]
  Bounds range     [1e+00, 1e+00]
  RHS range        [1e+00, 1e+06]
Presolve removed 286784 rows and 106643 columns (presolve time = 5s) ...
Presolve removed 374297 rows and 156021 columns (presolve time = 10s) ...
Presolve removed 419823 rows and 157347 columns (presolve time = 15s) ...
Presolve removed 419817 rows and 157341 columns
Presolve time: 15.93s
Presolved: 470482 rows, 423132 columns, 1939150 nonzeros
Presolved model has 221956 SOS constraint(s)
Variable types: 231870 continuous, 191262 integer (191258 binary)

Deterministic concurrent LP optimizer: primal simplex, dual simplex, and barrier
Showing barrier log only...

Root barrier log...

Ordering time: 1.77s

Barrier performed 0 iterations in 121.56 seconds (126.56 work units)
Barrier solve interrupted - model solved by another algorithm

Concurrent spin time: 1.23s (can be avoided by choosing Method=3)

Solved with dual simplex

Root relaxation: numerical trouble, 0 iterations, 7.48 seconds (4.67 work units)

    Nodes    |    Current Node    |     Objective Bounds      |     Work
 Expl Unexpl |  Obj  Depth IntInf | Incumbent    BestBd   Gap | It/Node Time

     0     2  postponed    0               -          -      -     - 7548s
     1     5  postponed    1               -          -      - 4593268 11722s
     3     8  postponed    2               -          -      - 2568606 18118s
     7    10  postponed    3               -          -      - 2131980 21600s

Explored 9 nodes (15122175 simplex iterations) in 21600.35 seconds (43597.76 work units)
Thread count was 32 (of 48 available processors)

Solution count 0

Time limit reached
Best objective -, best bound -, gap -
